Component: ARM Compiler 5.06 update 7 (build 960) Tool: armlink [4d3601]

==============================================================================

Section Cross References

    startup_stm32f103xb.o(STACK) refers (Special) to heapauxi.o(.text) for __use_two_region_memory
    startup_stm32f103xb.o(HEAP) refers (Special) to heapauxi.o(.text) for __use_two_region_memory
    startup_stm32f103xb.o(RESET) refers (Special) to heapauxi.o(.text) for __use_two_region_memory
    startup_stm32f103xb.o(RESET) refers to startup_stm32f103xb.o(STACK) for __initial_sp
    startup_stm32f103xb.o(RESET) refers to startup_stm32f103xb.o(.text) for Reset_Handler
    startup_stm32f103xb.o(RESET) refers to delay.o(i.SysTick_Handler) for SysTick_Handler
    startup_stm32f103xb.o(.text) refers (Special) to heapauxi.o(.text) for __use_two_region_memory
    startup_stm32f103xb.o(.text) refers to system_stm32f1xx.o(i.SystemInit) for SystemInit
    startup_stm32f103xb.o(.text) refers to __main.o(!!!main) for __main
    startup_stm32f103xb.o(.text) refers to startup_stm32f103xb.o(HEAP) for Heap_Mem
    startup_stm32f103xb.o(.text) refers to startup_stm32f103xb.o(STACK) for Stack_Mem
    system_stm32f1xx.o(i.SystemCoreClockUpdate) refers to system_stm32f1xx.o(.data) for SystemCoreClock
    system_stm32f1xx.o(i.SystemCoreClockUpdate) refers to system_stm32f1xx.o(.constdata) for AHBPrescTable
    main.o(i.main) refers to _printf_percent.o(.ARM.Collect$$_printf_percent$$00000000) for _printf_percent
    main.o(i.main) refers to _printf_s.o(.ARM.Collect$$_printf_percent$$00000014) for _printf_s
    main.o(i.main) refers to _printf_str.o(.text) for _printf_str
    main.o(i.main) refers to _printf_d.o(.ARM.Collect$$_printf_percent$$00000009) for _printf_d
    main.o(i.main) refers to _printf_dec.o(.text) for _printf_int_dec
    main.o(i.main) refers to _printf_f.o(.ARM.Collect$$_printf_percent$$00000003) for _printf_f
    main.o(i.main) refers to printf1.o(x$fpl$printf1) for _printf_fp_dec
    main.o(i.main) refers to startup.o(i.startup_init) for startup_init
    main.o(i.main) refers to delay.o(i.delay_init) for delay_init
    main.o(i.main) refers to usart1.o(i.usart1_init) for usart1_init
    main.o(i.main) refers to mpu6050.o(i.mpu6050_init) for mpu6050_init
    main.o(i.main) refers to mpu6050.o(i.mpu6050_getSleepEnabled) for mpu6050_getSleepEnabled
    main.o(i.main) refers to noretval__2sprintf.o(.text) for __2sprintf
    main.o(i.main) refers to usart1.o(i.usart1_putString) for usart1_putString
    main.o(i.main) refers to mpu6050.o(i.mpu6050_getClockSource) for mpu6050_getClockSource
    main.o(i.main) refers to mpu6050.o(i.mpu6050_getRange) for mpu6050_getRange
    main.o(i.main) refers to mpu6050.o(i.mpu6050_getAccelOffsetZ) for mpu6050_getAccelOffsetZ
    main.o(i.main) refers to mpu6050.o(i.mpu6050_getAccelOffsetY) for mpu6050_getAccelOffsetY
    main.o(i.main) refers to mpu6050.o(i.mpu6050_getAccelOffsetX) for mpu6050_getAccelOffsetX
    main.o(i.main) refers to mpu6050.o(i.mpu6050_getGyroOffsetZ) for mpu6050_getGyroOffsetZ
    main.o(i.main) refers to mpu6050.o(i.mpu6050_getGyroOffsetY) for mpu6050_getGyroOffsetY
    main.o(i.main) refers to mpu6050.o(i.mpu6050_getGyroOffsetX) for mpu6050_getGyroOffsetX
    main.o(i.main) refers to mpu6050.o(i.mpu6050_readRawAccel) for mpu6050_readRawAccel
    main.o(i.main) refers to mpu6050.o(i.mpu6050_readNormalizeAccel) for mpu6050_readNormalizeAccel
    main.o(i.main) refers to mpu6050.o(i.mpu6050_readRawGyro) for mpu6050_readRawGyro
    main.o(i.main) refers to mpu6050.o(i.mpu6050_readNormalizeGyro) for mpu6050_readNormalizeGyro
    main.o(i.main) refers to f2d.o(x$fpl$f2d) for __aeabi_f2d
    main.o(i.main) refers to delay.o(i.delay_ms) for delay_ms
    main.o(i.main) refers to main.o(.bss) for str
    main.o(i.main) refers to main.o(.conststring) for .conststring
    startup.o(i.startup_init) refers to system_stm32f1xx.o(.data) for SystemCoreClock
    i2c1.o(i.i2c1_addressDirection) refers to i2c1.o(i.i2c1_checkEvent) for i2c1_checkEvent
    i2c1.o(i.i2c1_read) refers to i2c1.o(i.i2c1_start) for i2c1_start
    i2c1.o(i.i2c1_read) refers to i2c1.o(i.i2c1_addressDirection) for i2c1_addressDirection
    i2c1.o(i.i2c1_read) refers to i2c1.o(i.i2c1_receiveNack) for i2c1_receiveNack
    i2c1.o(i.i2c1_read) refers to i2c1.o(i.i2c1_stop) for i2c1_stop
    i2c1.o(i.i2c1_receiveAck) refers to i2c1.o(i.i2c1_checkEvent) for i2c1_checkEvent
    i2c1.o(i.i2c1_receiveNack) refers to i2c1.o(i.i2c1_checkEvent) for i2c1_checkEvent
    i2c1.o(i.i2c1_start) refers to i2c1.o(i.i2c1_checkEvent) for i2c1_checkEvent
    i2c1.o(i.i2c1_transmit) refers to i2c1.o(i.i2c1_checkEvent) for i2c1_checkEvent
    i2c1.o(i.i2c1_write) refers to i2c1.o(i.i2c1_start) for i2c1_start
    i2c1.o(i.i2c1_write) refers to i2c1.o(i.i2c1_addressDirection) for i2c1_addressDirection
    i2c1.o(i.i2c1_write) refers to i2c1.o(i.i2c1_transmit) for i2c1_transmit
    i2c1.o(i.i2c1_write) refers to i2c1.o(i.i2c1_stop) for i2c1_stop
[...]
    libinit2.o(.ARM.Collect$$libinit$$00000010) refers to libinit2.o(.ARM.Collect$$libinit$$0000000F) for .ARM.Collect$$libinit$$0000000F
    libinit2.o(.ARM.Collect$$libinit$$00000012) refers to libinit2.o(.ARM.Collect$$libinit$$0000000F) for .ARM.Collect$$libinit$$0000000F
    libinit2.o(.ARM.Collect$$libinit$$00000014) refers to libinit2.o(.ARM.Collect$$libinit$$0000000F) for .ARM.Collect$$libinit$$0000000F
    libinit2.o(.ARM.Collect$$libinit$$00000016) refers to libinit2.o(.ARM.Collect$$libinit$$0000000F) for .ARM.Collect$$libinit$$0000000F
    libinit2.o(.ARM.Collect$$libinit$$00000016) refers (Weak) to lc_numeric_c.o(locale$$code) for _get_lc_numeric
    libinit2.o(.ARM.Collect$$libinit$$00000018) refers to libinit2.o(.ARM.Collect$$libinit$$0000000F) for .ARM.Collect$$libinit$$0000000F
    libinit2.o(.ARM.Collect$$libinit$$00000026) refers to argv_veneer.o(.emb_text) for __ARM_argv_veneer
    libinit2.o(.ARM.Collect$$libinit$$00000027) refers to argv_veneer.o(.emb_text) for __ARM_argv_veneer
    rtexit.o(.ARM.Collect$$rtexit$$00000000) refers (Special) to rtexit2.o(.ARM.Collect$$rtexit$$00000004) for __rt_exit_exit
    rtexit.o(.ARM.Collect$$rtexit$$00000000) refers (Special) to rtexit2.o(.ARM.Collect$$rtexit$$00000003) for __rt_exit_ls
    rtexit.o(.ARM.Collect$$rtexit$$00000000) refers (Special) to rtexit2.o(.ARM.Collect$$rtexit$$00000002) for __rt_exit_prels_1
    rtexit.o(.ARM.exidx) refers (Special) to rtexit2.o(.ARM.Collect$$rtexit$$00000004) for __rt_exit_exit
    rtexit.o(.ARM.exidx) refers (Special) to rtexit2.o(.ARM.Collect$$rtexit$$00000003) for __rt_exit_ls
    rtexit.o(.ARM.exidx) refers (Special) to rtexit2.o(.ARM.Collect$$rtexit$$00000002) for __rt_exit_prels_1
    rtexit.o(.ARM.exidx) refers to rtexit.o(.ARM.Collect$$rtexit$$00000000) for .ARM.Collect$$rtexit$$00000000
    argv_veneer.o(.emb_text) refers to no_argv.o(.text) for __ARM_get_argv
    rtexit2.o(.ARM.Collect$$rtexit$$00000003) refers to libshutdown.o(.ARM.Collect$$libshutdown$$00000000) for __rt_lib_shutdown
    rtexit2.o(.ARM.Collect$$rtexit$$00000004) refers to sys_exit.o(.text) for _sys_exit
    rtexit2.o(.ARM.exidx) refers to rtexit2.o(.ARM.Collect$$rtexit$$00000001) for .ARM.Collect$$rtexit$$00000001
    rtexit2.o(.ARM.exidx) refers to rtexit2.o(.ARM.Collect$$rtexit$$00000003) for .ARM.Collect$$rtexit$$00000003
    rtexit2.o(.ARM.exidx) refers to rtexit2.o(.ARM.Collect$$rtexit$$00000004) for .ARM.Collect$$rtexit$$00000004
    _get_argv_nomalloc.o(.text) refers (Special) to hrguard.o(.text) for __heap_region$guard
    _get_argv_nomalloc.o(.text) refers to defsig_rtmem_outer.o(.text) for __rt_SIGRTMEM
    _get_argv_nomalloc.o(.text) refers to sys_command.o(.text) for _sys_command_string
    sys_command.o(.text) refers (Special) to use_no_semi.o(.text) for __I$use$semihosting
    sys_command.o(.text) refers (Special) to indicate_semi.o(.text) for __semihosting_library_function
    sys_exit.o(.text) refers (Special) to use_no_semi.o(.text) for __I$use$semihosting
    sys_exit.o(.text) refers (Special) to indicate_semi.o(.text) for __semihosting_library_function
    defsig_rtmem_outer.o(.text) refers to defsig_rtmem_inner.o(.text) for __rt_SIGRTMEM_inner
    defsig_rtmem_outer.o(.text) refers to defsig_exit.o(.text) for __sig_exit
    defsig_rtmem_formal.o(.text) refers to rt_raise.o(.text) for __rt_raise
    libshutdown.o(.ARM.Collect$$libshutdown$$00000000) refers (Special) to libshutdown2.o(.ARM.Collect$$libshutdown$$00000004) for __rt_lib_shutdown_cpp_1
    libshutdown.o(.ARM.Collect$$libshutdown$$00000000) refers (Special) to libshutdown2.o(.ARM.Collect$$libshutdown$$00000002) for __rt_lib_shutdown_fini_1
    libshutdown.o(.ARM.Collect$$libshutdown$$00000000) refers (Special) to libshutdown2.o(.ARM.Collect$$libshutdown$$00000009) for __rt_lib_shutdown_fp_trap_1
    libshutdown.o(.ARM.Collect$$libshutdown$$00000000) refers (Special) to libshutdown2.o(.ARM.Collect$$libshutdown$$00000011) for __rt_lib_shutdown_heap_1
    libshutdown.o(.ARM.Collect$$libshutdown$$00000000) refers (Special) to libshutdown2.o(.ARM.Collect$$libshutdown$$00000012) for __rt_lib_shutdown_return
    libshutdown.o(.ARM.Collect$$libshutdown$$00000000) refers (Special) to libshutdown2.o(.ARM.Collect$$libshutdown$$0000000C) for __rt_lib_shutdown_signal_1
    libshutdown.o(.ARM.Collect$$libshutdown$$00000000) refers (Special) to libshutdown2.o(.ARM.Collect$$libshutdown$$00000006) for __rt_lib_shutdown_stdio_1
    libshutdown.o(.ARM.Collect$$libshutdown$$00000000) refers (Special) to libshutdown2.o(.ARM.Collect$$libshutdown$$0000000E) for __rt_lib_shutdown_user_alloc_1
    rt_raise.o(.text) refers to __raise.o(.text) for __raise
    rt_raise.o(.text) refers to sys_exit.o(.text) for _sys_exit
    defsig_exit.o(.text) refers to sys_exit.o(.text) for _sys_exit
    defsig_rtmem_inner.o(.text) refers to defsig_general.o(.text) for __default_signal_display
    __raise.o(.text) refers to defsig.o(CL$$defsig) for __default_signal_handler
    defsig_general.o(.text) refers to sys_wrch.o(.text) for _ttywrch
    sys_wrch.o(.text) refers (Special) to use_no_semi.o(.text) for __I$use$semihosting
    sys_wrch.o(.text) refers (Special) to indicate_semi.o(.text) for __semihosting_library_function
    defsig.o(CL$$defsig) refers to defsig_rtmem_inner.o(.text) for __rt_SIGRTMEM_inner
    defsig_abrt_inner.o(.text) refers to defsig_general.o(.text) for __default_signal_display
    defsig_fpe_inner.o(.text) refers to defsig_general.o(.text) for __default_signal_display
    defsig_rtred_inner.o(.text) refers to defsig_general.o(.text) for __default_signal_display
    defsig_stak_inner.o(.text) refers to defsig_general.o(.text) for __default_signal_display
    defsig_pvfn_inner.o(.text) refers to defsig_general.o(.text) for __default_signal_display
    defsig_cppl_inner.o(.text) refers to defsig_general.o(.text) for __default_signal_display
    defsig_segv_inner.o(.text) refers to defsig_general.o(.text) for __default_signal_display
    defsig_other.o(.text) refers to defsig_general.o(.text) for __default_signal_display


==============================================================================

Removing Unused input sections from the image.

    Removing system_stm32f1xx.o(.rev16_text), (4 bytes).
    Removing system_stm32f1xx.o(.revsh_text), (4 bytes).
    Removing system_stm32f1xx.o(i.SystemCoreClockUpdate), (164 bytes).
    Removing system_stm32f1xx.o(.constdata), (24 bytes).
    Removing main.o(.rev16_text), (4 bytes).
    Removing main.o(.revsh_text), (4 bytes).
    Removing startup.o(.rev16_text), (4 bytes).
    Removing startup.o(.revsh_text), (4 bytes).
    Removing i2c1.o(.rev16_text), (4 bytes).
    Removing i2c1.o(.revsh_text), (4 bytes).
    Removing i2c1.o(i.i2c1_read), (32 bytes).
    Removing i2c1.o(i.i2c1_write), (32 bytes).
    Removing mpu6050.o(.rev16_text), (4 bytes).
    Removing mpu6050.o(.revsh_text), (4 bytes).
    Removing mpu6050.o(i.mpu6050_calibrateGyro), (416 bytes).
    Removing mpu6050.o(i.mpu6050_getAccelPowerOnDelay), (18 bytes).
    Removing mpu6050.o(i.mpu6050_getFreeFallDetectionDuration), (10 bytes).
    Removing mpu6050.o(i.mpu6050_getFreeFallDetectionThreshold), (10 bytes).
    Removing mpu6050.o(i.mpu6050_getI2CBypassEnabled), (12 bytes).
    Removing mpu6050.o(i.mpu6050_getI2CMasterModeEnabled), (12 bytes).
    Removing mpu6050.o(i.mpu6050_getIntFreeFallEnabled), (12 bytes).
    Removing mpu6050.o(i.mpu6050_getIntMotionEnabled), (12 bytes).
    Removing mpu6050.o(i.mpu6050_getIntStatus), (10 bytes).
    Removing mpu6050.o(i.mpu6050_getIntZeroMotionEnabled), (12 bytes).
    Removing mpu6050.o(i.mpu6050_getMotionDetectionDuration), (10 bytes).
    Removing mpu6050.o(i.mpu6050_getMotionDetectionThreshold), (10 bytes).
    Removing mpu6050.o(i.mpu6050_getScale), (22 bytes).
    Removing mpu6050.o(i.mpu6050_getThreshold), (20 bytes).
    Removing mpu6050.o(i.mpu6050_getZeroMotionDetectionDuration), (10 bytes).
    Removing mpu6050.o(i.mpu6050_getZeroMotionDetectionThreshold), (10 bytes).
    Removing mpu6050.o(i.mpu6050_readActivites), (112 bytes).
    Removing mpu6050.o(i.mpu6050_readScaledAccel), (80 bytes).
    Removing mpu6050.o(i.mpu6050_readTemperature), (64 bytes).
    Removing mpu6050.o(i.mpu6050_setAccelOffsetX), (14 bytes).
    Removing mpu6050.o(i.mpu6050_setAccelOffsetY), (14 bytes).
    Removing mpu6050.o(i.mpu6050_setAccelOffsetZ), (14 bytes).
    Removing mpu6050.o(i.mpu6050_setAccelPowerOnDelay), (32 bytes).
    Removing mpu6050.o(i.mpu6050_setDHPFMode), (30 bytes).
    Removing mpu6050.o(i.mpu6050_setDLPFMode), (30 bytes).
    Removing mpu6050.o(i.mpu6050_setFreeFallDetectionDuration), (14 bytes).
    Removing mpu6050.o(i.mpu6050_setFreeFallDetectionThreshold), (14 bytes).
    Removing mpu6050.o(i.mpu6050_setGyroOffsetX), (14 bytes).
    Removing mpu6050.o(i.mpu6050_setGyroOffsetY), (14 bytes).
    Removing mpu6050.o(i.mpu6050_setGyroOffsetZ), (14 bytes).
    Removing mpu6050.o(i.mpu6050_setI2CBypassEnabled), (16 bytes).
    Removing mpu6050.o(i.mpu6050_setI2CMasterModeEnabled), (16 bytes).
    Removing mpu6050.o(i.mpu6050_setIntFreeFallEnabled), (16 bytes).
    Removing mpu6050.o(i.mpu6050_setIntMotionEnabled), (16 bytes).
    Removing mpu6050.o(i.mpu6050_setIntZeroMotionEnabled), (16 bytes).
    Removing mpu6050.o(i.mpu6050_setMotionDetectionDuration), (14 bytes).
    Removing mpu6050.o(i.mpu6050_setMotionDetectionThreshold), (14 bytes).
    Removing mpu6050.o(i.mpu6050_setThreshold), (128 bytes).
    Removing mpu6050.o(i.mpu6050_setZeroMotionDetectionDuration), (14 bytes).
    Removing mpu6050.o(i.mpu6050_setZeroMotionDetectionThreshold), (14 bytes).
    Removing mpu6050.o(i.mpu6050_writeRegister16), (44 bytes).
    Removing delay.o(.rev16_text), (4 bytes).
    Removing delay.o(.revsh_text), (4 bytes).
    Removing delay.o(i.delay_us), (44 bytes).
    Removing delay.o(i.millis), (12 bytes).
    Removing usart1.o(.rev16_text), (4 bytes).
    Removing usart1.o(.revsh_text), (4 bytes).
    Removing usart1.o(i.usart1_getChar), (28 bytes).

62 unused section(s) (total 1766 bytes) removed from the image.

==============================================================================

Image Symbol Table

    Local Symbols

    Symbol Name                              Value     Ov Type        Size  Object(Section)

    ../clib/angel/boardlib.s                 0x00000000   Number         0  boardinit1.o ABSOLUTE
    ../clib/angel/boardlib.s                 0x00000000   Number         0  boardinit2.o ABSOLUTE
    ../clib/angel/boardlib.s                 0x00000000   Number         0  boardinit3.o ABSOLUTE
    ../clib/angel/boardlib.s                 0x00000000   Number         0  boardshut.o ABSOLUTE
    ../clib/angel/handlers.s                 0x00000000   Number         0  __scatter_zi.o ABSOLUTE
    ../clib/angel/handlers.s                 0x00000000   Number         0  __scatter_copy.o ABSOLUTE
    ../clib/angel/kernel.s                   0x00000000   Number         0  __rtentry4.o ABSOLUTE
    ../clib/angel/kernel.s                   0x00000000   Number         0  __rtentry2.o ABSOLUTE
    ../clib/angel/kernel.s                   0x00000000   Number         0  __rtentry.o ABSOLUTE
    ../clib/angel/kernel.s                   0x00000000   Number         0  rtexit2.o ABSOLUTE
    ../clib/angel/kernel.s                   0x00000000   Number         0  rtexit.o ABSOLUTE
    ../clib/angel/rt.s                       0x00000000   Number         0  rt_locale_intlibspace.o ABSOLUTE
    ../clib/angel/rt.s                       0x00000000   Number         0  rt_locale.o ABSOLUTE
    ../clib/angel/rt.s                       0x00000000   Number         0  rt_errno_addr.o ABSOLUTE
    ../clib/angel/rt.s                       0x00000000   Number         0  rt_raise.o ABSOLUTE
    ../clib/angel/rt.s                       0x00000000   Number         0  rt_errno_addr_intlibspace.o ABSOLUTE
    ../clib/angel/scatter.s                  0x00000000   Number         0  __scatter.o ABSOLUTE
    ../clib/angel/startup.s                  0x00000000   Number         0  __main.o ABSOLUTE
    ../clib/angel/sys.s                      0x00000000   Number         0  indicate_semi.o ABSOLUTE
    ../clib/angel/sys.s                      0x00000000   Number         0  use_no_semi.o ABSOLUTE
    ../clib/angel/sys.s                      0x00000000   Number         0  libspace.o ABSOLUTE
    ../clib/angel/sys.s                      0x00000000   Number         0  sys_stackheap_outer.o ABSOLUTE
    ../clib/angel/sysapp.c                   0x00000000   Number         0  sys_wrch.o ABSOLUTE
    ../clib/angel/sysapp.c                   0x00000000   Number         0  sys_command.o ABSOLUTE
    ../clib/angel/sysapp.c                   0x00000000   Number         0  sys_exit.o ABSOLUTE
    ../clib/armsys.c                         0x00000000   Number         0  no_argv.o ABSOLUTE
    ../clib/armsys.c                         0x00000000   Number         0  _get_argv_nomalloc.o ABSOLUTE
    ../clib/armsys.c                         0x00000000   Number         0  argv_veneer.o ABSOLUTE
    ../clib/armsys.c                         0x00000000   Number         0  argv_veneer.o ABSOLUTE
    ../clib/bigflt.c                         0x00000000   Number         0  bigflt0.o ABSOLUTE
    ../clib/btod.s                           0x00000000   Number         0  btod.o ABSOLUTE
    ../clib/fenv.c                           0x00000000   Number         0  _rserrno.o ABSOLUTE
    ../clib/heapalloc.c                      0x00000000   Number         0  hrguard.o ABSOLUTE
    ../clib/heapaux.c                        0x00000000   Number         0  heapauxi.o ABSOLUTE
    ../clib/libinit.s                        0x00000000   Number         0  libshutdown.o ABSOLUTE
    ../clib/libinit.s                        0x00000000   Number         0  libinit2.o ABSOLUTE
    ../clib/libinit.s                        0x00000000   Number         0  libshutdown2.o ABSOLUTE
    ../clib/libinit.s                        0x00000000   Number         0  libinit.o ABSOLUTE
    ../clib/locale.s                         0x00000000   Number         0  lc_numeric_c.o ABSOLUTE
    ../clib/longlong.s                       0x00000000   Number         0  lludiv10.o ABSOLUTE
    ../clib/memcpset.s                       0x00000000   Number         0  strcmpv7m.o ABSOLUTE
    ../clib/misc.s                           0x00000000   Number         0  printf_stubs.o ABSOLUTE
    ../clib/printf.c                         0x00000000   Number         0  noretval__2sprintf.o ABSOLUTE
    ../clib/printf.c                         0x00000000   Number         0  _printf_intcommon.o ABSOLUTE
    ../clib/printf.c                         0x00000000   Number         0  _printf_fp_dec.o ABSOLUTE
    ../clib/printf.c                         0x00000000   Number         0  __printf_ss.o ABSOLUTE
    ../clib/printf.c                         0x00000000   Number         0  _printf_char_common.o ABSOLUTE
    ../clib/printf.c                         0x00000000   Number         0  __printf_nopercent.o ABSOLUTE
    ../clib/printf.c                         0x00000000   Number         0  _printf_fp_infnan.o ABSOLUTE
    ../clib/printf.c                         0x00000000   Number         0  _printf_char.o ABSOLUTE
    ../clib/printf.c                         0x00000000   Number         0  __2sprintf.o ABSOLUTE
    ../clib/printf.c                         0x00000000   Number         0  __printf.o ABSOLUTE
    ../clib/printf.c                         0x00000000   Number         0  _sputc.o ABSOLUTE
    ../clib/printf.c                         0x00000000   Number         0  _printf_str.o ABSOLUTE
    ../clib/printf.c                         0x00000000   Number         0  _printf_dec.o ABSOLUTE
    ../clib/printf.c                         0x00000000   Number         0  __printf_flags.o ABSOLUTE
    ../clib/printf.c                         0x00000000   Number         0  __printf_flags_ss.o ABSOLUTE
    ../clib/printf.c                         0x00000000   Number         0  __printf_wp.o ABSOLUTE
    ../clib/printf.c                         0x00000000   Number         0  __printf_flags_wp.o ABSOLUTE
    ../clib/printf.c                         0x00000000   Number         0  __printf_ss_wp.o ABSOLUTE
    ../clib/printf.c                         0x00000000   Number         0  __printf_flags_ss_wp.o ABSOLUTE
    ../clib/printf_percent.s                 0x00000000   Number         0  _printf_percent.o ABSOLUTE
    ../clib/printf_percent.s                 0x00000000   Number         0  _printf_s.o ABSOLUTE
    ../clib/printf_percent.s                 0x00000000   Number         0  _printf_d.o ABSOLUTE
    ../clib/printf_percent.s                 0x00000000   Number         0  _printf_percent_end.o ABSOLUTE
    ../clib/printf_percent.s                 0x00000000   Number         0  _printf_f.o ABSOLUTE
    ../clib/signal.c                         0x00000000   Number         0  defsig_segv_inner.o ABSOLUTE
    ../clib/signal.c                         0x00000000   Number         0  defsig_cppl_inner.o ABSOLUTE
    ../clib/signal.c                         0x00000000   Number         0  defsig_general.o ABSOLUTE
    ../clib/signal.c                         0x00000000   Number         0  defsig_pvfn_inner.o ABSOLUTE
    ../clib/signal.c                         0x00000000   Number         0  defsig_stak_inner.o ABSOLUTE
    ../clib/signal.c                         0x00000000   Number         0  defsig_rtmem_formal.o ABSOLUTE
    ../clib/signal.c                         0x00000000   Number         0  defsig_abrt_inner.o ABSOLUTE
    ../clib/signal.c                         0x00000000   Number         0  defsig_fpe_inner.o ABSOLUTE
    ../clib/signal.c                         0x00000000   Number         0  defsig_rtred_inner.o ABSOLUTE
    ../clib/signal.c                         0x00000000   Number         0  defsig_exit.o ABSOLUTE
    ../clib/signal.c                         0x00000000   Number         0  defsig_rtmem_outer.o ABSOLUTE
    ../clib/signal.c                         0x00000000   Number         0  defsig_rtmem_inner.o ABSOLUTE
    ../clib/signal.c                         0x00000000   Number         0  defsig_other.o ABSOLUTE
    ../clib/signal.c                         0x00000000   Number         0  __raise.o ABSOLUTE
    ../clib/signal.s                         0x00000000   Number         0  defsig.o ABSOLUTE
    ../clib/stdlib.c                         0x00000000   Number         0  exit.o ABSOLUTE
    ../fplib/d2f.s                           0x00000000   Number         0  d2f.o ABSOLUTE
    ../fplib/daddsub.s                       0x00000000   Number         0  daddsub_clz.o ABSOLUTE
    ../fplib/dcmpi.s                         0x00000000   Number         0  dcmpi.o ABSOLUTE
    ../fplib/dleqf.s                         0x00000000   Number         0  dleqf.o ABSOLUTE
    ../fplib/dnaninf.s                       0x00000000   Number         0  dnaninf.o ABSOLUTE
    ../fplib/dretinf.s                       0x00000000   Number         0  dretinf.o ABSOLUTE
    ../fplib/dsqrt.s                         0x00000000   Number         0  dsqrt_noumaal.o ABSOLUTE
    ../fplib/f2d.s                           0x00000000   Number         0  f2d.o ABSOLUTE
    ../fplib/faddsub.s                       0x00000000   Number         0  faddsub_clz.o ABSOLUTE
    ../fplib/fcmpi.s                         0x00000000   Number         0  fcmpi.o ABSOLUTE
    ../fplib/fdiv.s                          0x00000000   Number         0  fdiv.o ABSOLUTE
    ../fplib/feqf.s                          0x00000000   Number         0  feqf.o ABSOLUTE
    ../fplib/ffixu.s                         0x00000000   Number         0  ffixu.o ABSOLUTE
    ../fplib/fflt.s                          0x00000000   Number         0  fflt_clz.o ABSOLUTE
    ../fplib/fleqf.s                         0x00000000   Number         0  fleqf.o ABSOLUTE
    ../fplib/fmul.s                          0x00000000   Number         0  fmul.o ABSOLUTE
    ../fplib/fnaninf.s                       0x00000000   Number         0  fnaninf.o ABSOLUTE
    ../fplib/fpinit.s                        0x00000000   Number         0  fpinit.o ABSOLUTE
    ../fplib/fretinf.s                       0x00000000   Number         0  fretinf.o ABSOLUTE
    ../fplib/frleqf.s                        0x00000000   Number         0  frleqf.o ABSOLUTE
    ../fplib/istatus.s                       0x00000000   Number         0  istatus.o ABSOLUTE
    ../fplib/printf1.s                       0x00000000   Number         0  printf1.o ABSOLUTE
    ../fplib/usenofp.s                       0x00000000   Number         0  usenofp.o ABSOLUTE
    ../mathlib/fpclassify.c                  0x00000000   Number         0  fpclassify.o ABSOLUTE
    ../mathlib/sqrt.c                        0x00000000   Number         0  sqrt.o ABSOLUTE
    ../mathlib/sqrt.c                        0x00000000   Number         0  sqrt_x.o ABSOLUTE
    ..\\libraries\\delay.c                   0x00000000   Number         0  delay.o ABSOLUTE
    ..\\libraries\\i2c1.c                    0x00000000   Number         0  i2c1.o ABSOLUTE
    ..\\libraries\\mpu6050.c                 0x00000000   Number         0  mpu6050.o ABSOLUTE
    ..\\libraries\\startup.c                 0x00000000   Number         0  startup.o ABSOLUTE
    ..\\libraries\\usart1.c                  0x00000000   Number         0  usart1.o ABSOLUTE
    ..\libraries\delay.c                     0x00000000   Number         0  delay.o ABSOLUTE
    ..\libraries\i2c1.c                      0x00000000   Number         0  i2c1.o ABSOLUTE
    ..\libraries\mpu6050.c                   0x00000000   Number         0  mpu6050.o ABSOLUTE
    ..\libraries\startup.c                   0x00000000   Number         0  startup.o ABSOLUTE
    ..\libraries\usart1.c                    0x00000000   Number         0  usart1.o ABSOLUTE
    CMSIS\Device\ST\STM32F1xx\Source\Templates\arm\startup_stm32f103xb.s 0x00000000   Number         0  startup_stm32f103xb.o ABSOLUTE
    CMSIS\Device\ST\STM32F1xx\Source\Templates\system_stm32f1xx.c 0x00000000   Number         0  system_stm32f1xx.o ABSOLUTE
    CMSIS\\Device\\ST\\STM32F1xx\\Source\\Templates\\system_stm32f1xx.c 0x00000000   Number         0  system_stm32f1xx.o ABSOLUTE
    User\\main.c                             0x00000000   Number         0  main.o ABSOLUTE
    User\main.c                              0x00000000   Number         0  main.o ABSOLUTE
    dc.s                                     0x00000000   Number         0  dc.o ABSOLUTE
    RESET                                    0x08000000   Section      236  startup_stm32f103xb.o(RESET)
    !!!main                                  0x080000ec   Section        8  __main.o(!!!main)
    !!!scatter                               0x080000f4   Section       52  __scatter.o(!!!scatter)
    !!handler_copy                           0x08000128   Section       26  __scatter_copy.o(!!handler_copy)
    !!handler_zi                             0x08000144   Section       28  __scatter_zi.o(!!handler_zi)
    .ARM.Collect$$_printf_percent$$00000000  0x08000160   Section        0  _printf_percent.o(.ARM.Collect$$_printf_percent$$00000000)
    .ARM.Collect$$_printf_percent$$00000003  0x08000160   Section        6  _printf_f.o(.ARM.Collect$$_printf_percent$$00000003)
    .ARM.Collect$$_printf_percent$$00000009  0x08000166   Section        6  _printf_d.o(.ARM.Collect$$_printf_percent$$00000009)
    .ARM.Collect$$_printf_percent$$00000014  0x0800016c   Section        6  _printf_s.o(.ARM.Collect$$_printf_percent$$00000014)
    .ARM.Collect$$_printf_percent$$00000017  0x08000172   Section        4  _printf_percent_end.o(.ARM.Collect$$_printf_percent$$00000017)
    .ARM.Collect$$libinit$$00000000          0x08000176   Section        2  libinit.o(.ARM.Collect$$libinit$$00000000)
    .ARM.Collect$$libinit$$00000002          0x08000178   Section        0  libinit2.o(.ARM.Collect$$libinit$$00000002)
    .ARM.Collect$$libinit$$00000004          0x08000178   Section        0  libinit2.o(.ARM.Collect$$libinit$$00000004)
    .ARM.Collect$$libinit$$0000000A          0x08000178   Section        0  libinit2.o(.ARM.Collect$$libinit$$0000000A)
    .ARM.Collect$$libinit$$0000000C          0x08000178   Section        0  libinit2.o(.ARM.Collect$$libinit$$0000000C)
    .ARM.Collect$$libinit$$0000000E          0x08000178   Section        0  libinit2.o(.ARM.Collect$$libinit$$0000000E)
    .ARM.Collect$$libinit$$0000000F          0x08000178   Section        6  libinit2.o(.ARM.Collect$$libinit$$0000000F)
    .ARM.Collect$$libinit$$00000011          0x0800017e   Section        0  libinit2.o(.ARM.Collect$$libinit$$00000011)
    .ARM.Collect$$libinit$$00000013          0x0800017e   Section        0  libinit2.o(.ARM.Collect$$libinit$$00000013)
    .ARM.Collect$$libinit$$00000015          0x0800017e   Section        0  libinit2.o(.ARM.Collect$$libinit$$00000015)
    .ARM.Collect$$libinit$$00000016          0x0800017e   Section       10  libinit2.o(.ARM.Collect$$libinit$$00000016)
    .ARM.Collect$$libinit$$00000017          0x08000188   Section        0  libinit2.o(.ARM.Collect$$libinit$$00000017)
    .ARM.Collect$$libinit$$00000019          0x08000188   Section        0  libinit2.o(.ARM.Collect$$libinit$$00000019)
    .ARM.Collect$$libinit$$0000001B          0x08000188   Section        0  libinit2.o(.ARM.Collect$$libinit$$0000001B)
    .ARM.Collect$$libinit$$0000001D          0x08000188   Section        0  libinit2.o(.ARM.Collect$$libinit$$0000001D)
    .ARM.Collect$$libinit$$0000001F          0x08000188   Section        0  libinit2.o(.ARM.Collect$$libinit$$0000001F)
    .ARM.Collect$$libinit$$00000021          0x08000188   Section        0  libinit2.o(.ARM.Collect$$libinit$$00000021)
    .ARM.Collect$$libinit$$00000023          0x08000188   Section        0  libinit2.o(.ARM.Collect$$libinit$$00000023)
    .ARM.Collect$$libinit$$00000025          0x08000188   Section        0  libinit2.o(.ARM.Collect$$libinit$$00000025)
    .ARM.Collect$$libinit$$0000002C          0x08000188   Section        0  libinit2.o(.ARM.Collect$$libinit$$0000002C)
    .ARM.Collect$$libinit$$0000002E          0x08000188   Section        0  libinit2.o(.ARM.Collect$$libinit$$0000002E)
    .ARM.Collect$$libinit$$00000030          0x08000188   Section        0  libinit2.o(.ARM.Collect$$libinit$$00000030)
    .ARM.Collect$$libinit$$00000032          0x08000188   Section        0  libinit2.o(.ARM.Collect$$libinit$$00000032)
    .ARM.Collect$$libinit$$00000033          0x08000188   Section        2  libinit2.o(.ARM.Collect$$libinit$$00000033)
    .ARM.Collect$$libshutdown$$00000000      0x0800018a   Section        2  libshutdown.o(.ARM.Collect$$libshutdown$$00000000)
    .ARM.Collect$$libshutdown$$00000002      0x0800018c   Section        0  libshutdown2.o(.ARM.Collect$$libshutdown$$00000002)
    .ARM.Collect$$libshutdown$$00000004      0x0800018c   Section        0  libshutdown2.o(.ARM.Collect$$libshutdown$$00000004)
    .ARM.Collect$$libshutdown$$00000006      0x0800018c   Section        0  libshutdown2.o(.ARM.Collect$$libshutdown$$00000006)
    .ARM.Collect$$libshutdown$$00000009      0x0800018c   Section        0  libshutdown2.o(.ARM.Collect$$libshutdown$$00000009)
    .ARM.Collect$$libshutdown$$0000000C      0x0800018c   Section        0  libshutdown2.o(.ARM.Collect$$libshutdown$$0000000C)
    .ARM.Collect$$libshutdown$$0000000E      0x0800018c   Section        0  libshutdown2.o(.ARM.Collect$$libshutdown$$0000000E)
    .ARM.Collect$$libshutdown$$00000011      0x0800018c   Section        0  libshutdown2.o(.ARM.Collect$$libshutdown$$00000011)
    .ARM.Collect$$libshutdown$$00000012      0x0800018c   Section        2  libshutdown2.o(.ARM.Collect$$libshutdown$$00000012)
    .ARM.Collect$$rtentry$$00000000          0x0800018e   Section        0  __rtentry.o(.ARM.Collect$$rtentry$$00000000)
    .ARM.Collect$$rtentry$$00000002          0x0800018e   Section        0  __rtentry2.o(.ARM.Collect$$rtentry$$00000002)
    .ARM.Collect$$rtentry$$00000004          0x0800018e   Section        6  __rtentry4.o(.ARM.Collect$$rtentry$$00000004)
    .ARM.Collect$$rtentry$$00000009          0x08000194   Section        0  __rtentry2.o(.ARM.Collect$$rtentry$$00000009)
    .ARM.Collect$$rtentry$$0000000A          0x08000194   Section        4  __rtentry2.o(.ARM.Collect$$rtentry$$0000000A)
    .ARM.Collect$$rtentry$$0000000C          0x08000198   Section        0  __rtentry2.o(.ARM.Collect$$rtentry$$0000000C)
    .ARM.Collect$$rtentry$$0000000D          0x08000198   Section        8  __rtentry2.o(.ARM.Collect$$rtentry$$0000000D)
    .ARM.Collect$$rtexit$$00000000           0x080001a0   Section        2  rtexit.o(.ARM.Collect$$rtexit$$00000000)
    .ARM.Collect$$rtexit$$00000002           0x080001a2   Section        0  rtexit2.o(.ARM.Collect$$rtexit$$00000002)
    .ARM.Collect$$rtexit$$00000003           0x080001a2   Section        4  rtexit2.o(.ARM.Collect$$rtexit$$00000003)
    .ARM.Collect$$rtexit$$00000004           0x080001a6   Section        6  rtexit2.o(.ARM.Collect$$rtexit$$00000004)
    .text                                    0x080001ac   Section       64  startup_stm32f103xb.o(.text)
    .text                                    0x080001ec   Section        0  noretval__2sprintf.o(.text)
    .text                                    0x08000214   Section        0  _printf_str.o(.text)
    .text                                    0x08000268   Section        0  _printf_dec.o(.text)
    .text                                    0x080002e0   Section        0  __printf_wp.o(.text)
    .text                                    0x080003ee   Section        0  heapauxi.o(.text)
    .text                                    0x080003f4   Section        0  _printf_intcommon.o(.text)
    .text                                    0x080004a6   Section        0  _printf_fp_dec.o(.text)
    _fp_digits                               0x080004a9   Thumb Code   432  _printf_fp_dec.o(.text)
    .text                                    0x080008c4   Section        0  _printf_char_common.o(.text)
    _printf_input_char                       0x080008c5   Thumb Code    10  _printf_char_common.o(.text)
    .text                                    0x080008f4   Section        0  _sputc.o(.text)
    .text                                    0x080008fe   Section        0  _printf_char.o(.text)
    .text                                    0x0800092c   Section        8  rt_locale_intlibspace.o(.text)
    .text                                    0x08000934   Section      138  lludiv10.o(.text)
    .text                                    0x080009c0   Section        0  _printf_fp_infnan.o(.text)
    .text                                    0x08000a40   Section        0  bigflt0.o(.text)
    .text                                    0x08000b24   Section        8  libspace.o(.text)
    .text                                    0x08000b2c   Section       74  sys_stackheap_outer.o(.text)
    .text                                    0x08000b76   Section        0  exit.o(.text)
    .text                                    0x08000b88   Section      128  strcmpv7m.o(.text)
    .text                                    0x08000c08   Section        0  sys_exit.o(.text)
    .text                                    0x08000c14   Section        2  use_no_semi.o(.text)
    .text                                    0x08000c16   Section        0  indicate_semi.o(.text)
    CL$$btod_d2e                             0x08000c16   Section       62  btod.o(CL$$btod_d2e)
    CL$$btod_d2e_denorm_low                  0x08000c54   Section       70  btod.o(CL$$btod_d2e_denorm_low)
    CL$$btod_d2e_norm_op1                    0x08000c9a   Section       96  btod.o(CL$$btod_d2e_norm_op1)
    CL$$btod_div_common                      0x08000cfa   Section      824  btod.o(CL$$btod_div_common)
    CL$$btod_e2e                             0x08001032   Section      220  btod.o(CL$$btod_e2e)
    CL$$btod_ediv                            0x0800110e   Section       42  btod.o(CL$$btod_ediv)
    CL$$btod_emul                            0x08001138   Section       42  btod.o(CL$$btod_emul)
    CL$$btod_mult_common                     0x08001162   Section      580  btod.o(CL$$btod_mult_common)
    i.NVIC_SetPriority                       0x080013a8   Section        0  delay.o(i.NVIC_SetPriority)
    NVIC_SetPriority                         0x080013a9   Thumb Code    32  delay.o(i.NVIC_SetPriority)
    i.SysTick_Handler                        0x080013d0   Section        0  delay.o(i.SysTick_Handler)
    i.SystemInit                             0x080013e0   Section        0  system_stm32f1xx.o(i.SystemInit)
    i.__ARM_fpclassify                       0x080013e2   Section        0  fpclassify.o(i.__ARM_fpclassify)
    i._is_digit                              0x0800140a   Section        0  __printf_wp.o(i._is_digit)
    i.delay_init                             0x08001418   Section        0  delay.o(i.delay_init)
    i.delay_ms                               0x080014f0   Section        0  delay.o(i.delay_ms)
    i.i2c1_addressDirection                  0x08001508   Section        0  i2c1.o(i.i2c1_addressDirection)
    i.i2c1_checkEvent                        0x08001550   Section        0  i2c1.o(i.i2c1_checkEvent)
    i.i2c1_init                              0x08001574   Section        0  i2c1.o(i.i2c1_init)
    i.i2c1_receiveAck                        0x080016fc   Section        0  i2c1.o(i.i2c1_receiveAck)
    i.i2c1_receiveNack                       0x08001728   Section        0  i2c1.o(i.i2c1_receiveNack)
    i.i2c1_start                             0x08001754   Section        0  i2c1.o(i.i2c1_start)
    i.i2c1_stop                              0x08001778   Section        0  i2c1.o(i.i2c1_stop)
    i.i2c1_transmit                          0x0800179c   Section        0  i2c1.o(i.i2c1_transmit)
    i.main                                   0x080017bc   Section        0  main.o(i.main)
    i.mpu6050_getAccelOffsetX                0x08001c34   Section        0  mpu6050.o(i.mpu6050_getAccelOffsetX)
    i.mpu6050_getAccelOffsetY                0x08001c3e   Section        0  mpu6050.o(i.mpu6050_getAccelOffsetY)
    i.mpu6050_getAccelOffsetZ                0x08001c48   Section        0  mpu6050.o(i.mpu6050_getAccelOffsetZ)
    i.mpu6050_getClockSource                 0x08001c52   Section        0  mpu6050.o(i.mpu6050_getClockSource)
    i.mpu6050_getGyroOffsetX                 0x08001c66   Section        0  mpu6050.o(i.mpu6050_getGyroOffsetX)
    i.mpu6050_getGyroOffsetY                 0x08001c70   Section        0  mpu6050.o(i.mpu6050_getGyroOffsetY)
    i.mpu6050_getGyroOffsetZ                 0x08001c7a   Section        0  mpu6050.o(i.mpu6050_getGyroOffsetZ)
    i.mpu6050_getRange                       0x08001c84   Section        0  mpu6050.o(i.mpu6050_getRange)
    i.mpu6050_getSleepEnabled                0x08001c9a   Section        0  mpu6050.o(i.mpu6050_getSleepEnabled)
    i.mpu6050_init                           0x08001ca8   Section        0  mpu6050.o(i.mpu6050_init)
    i.mpu6050_readNormalizeAccel             0x08001d0c   Section        0  mpu6050.o(i.mpu6050_readNormalizeAccel)
    i.mpu6050_readNormalizeGyro              0x08001d78   Section        0  mpu6050.o(i.mpu6050_readNormalizeGyro)
    i.mpu6050_readRawAccel                   0x08001ec4   Section        0  mpu6050.o(i.mpu6050_readRawAccel)
    i.mpu6050_readRawGyro                    0x08001f54   Section        0  mpu6050.o(i.mpu6050_readRawGyro)
    i.mpu6050_readRegister16                 0x08001fe4   Section        0  mpu6050.o(i.mpu6050_readRegister16)
    i.mpu6050_readRegister8                  0x0800202c   Section        0  mpu6050.o(i.mpu6050_readRegister8)
    i.mpu6050_readRegisterBit                0x0800205e   Section        0  mpu6050.o(i.mpu6050_readRegisterBit)
    i.mpu6050_setClockSource                 0x08002078   Section        0  mpu6050.o(i.mpu6050_setClockSource)
    i.mpu6050_setRange                       0x08002098   Section        0  mpu6050.o(i.mpu6050_setRange)
    i.mpu6050_setScale                       0x08002104   Section        0  mpu6050.o(i.mpu6050_setScale)
    i.mpu6050_setSleepEnabled                0x08002170   Section        0  mpu6050.o(i.mpu6050_setSleepEnabled)
    i.mpu6050_writeRegister8                 0x08002180   Section        0  mpu6050.o(i.mpu6050_writeRegister8)
    i.mpu6050_writeRegisterBit               0x080021a4   Section        0  mpu6050.o(i.mpu6050_writeRegisterBit)
    i.startup_init                           0x080021d8   Section        0  startup.o(i.startup_init)
    i.usart1_init                            0x08002300   Section        0  usart1.o(i.usart1_init)
    i.usart1_putChar                         0x080023c8   Section        0  usart1.o(i.usart1_putChar)
    i.usart1_putString                       0x080023e8   Section        0  usart1.o(i.usart1_putString)
    locale$$code                             0x08002404   Section       44  lc_numeric_c.o(locale$$code)
    x$fpl$dcmpinf                            0x08002430   Section       24  dcmpi.o(x$fpl$dcmpinf)
    x$fpl$dleqf                              0x08002448   Section      120  dleqf.o(x$fpl$dleqf)
    x$fpl$dnaninf                            0x080024c0   Section      156  dnaninf.o(x$fpl$dnaninf)
    x$fpl$dretinf                            0x0800255c   Section       12  dretinf.o(x$fpl$dretinf)
    x$fpl$f2d                                0x08002568   Section       86  f2d.o(x$fpl$f2d)
    x$fpl$fadd                               0x080025c0   Section      196  faddsub_clz.o(x$fpl$fadd)
    _fadd1                                   0x080025cf   Thumb Code     0  faddsub_clz.o(x$fpl$fadd)
    x$fpl$fcmpinf                            0x08002684   Section       24  fcmpi.o(x$fpl$fcmpinf)
    x$fpl$feqf                               0x0800269c   Section      104  feqf.o(x$fpl$feqf)
    x$fpl$fflt                               0x08002704   Section       48  fflt_clz.o(x$fpl$fflt)
    x$fpl$fmul                               0x08002734   Section      258  fmul.o(x$fpl$fmul)
    x$fpl$fnaninf                            0x08002836   Section      140  fnaninf.o(x$fpl$fnaninf)
    x$fpl$fretinf                            0x080028c2   Section       10  fretinf.o(x$fpl$fretinf)
    x$fpl$fsub                               0x080028cc   Section      234  faddsub_clz.o(x$fpl$fsub)
    _fsub1                                   0x080028db   Thumb Code     0  faddsub_clz.o(x$fpl$fsub)
    x$fpl$printf1                            0x080029b6   Section        4  printf1.o(x$fpl$printf1)
    x$fpl$usenofp                            0x080029ba   Section        0  usenofp.o(x$fpl$usenofp)
    .constdata                               0x080029bc   Section      148  bigflt0.o(.constdata)
    tenpwrs_x                                0x080029bc   Data          60  bigflt0.o(.constdata)
    tenpwrs_i                                0x080029f8   Data          64  bigflt0.o(.constdata)
    .conststring                             0x08002a50   Section      137  main.o(.conststring)
    locale$$data                             0x08002afc   Section       28  lc_numeric_c.o(locale$$data)
    __lcnum_c_name                           0x08002b00   Data           2  lc_numeric_c.o(locale$$data)
    __lcnum_c_start                          0x08002b08   Data           0  lc_numeric_c.o(locale$$data)
    __lcnum_c_point                          0x08002b14   Data           0  lc_numeric_c.o(locale$$data)
    __lcnum_c_thousands                      0x08002b16   Data           0  lc_numeric_c.o(locale$$data)
    __lcnum_c_grouping                       0x08002b17   Data           0  lc_numeric_c.o(locale$$data)
    __lcnum_c_end                            0x08002b18   Data           0  lc_numeric_c.o(locale$$data)
    .data                                    0x20000000   Section        4  system_stm32f1xx.o(.data)
    .data                                    0x20000004   Section       13  mpu6050.o(.data)
    .data                                    0x20000014   Section        4  delay.o(.data)
    .bss                                     0x20000018   Section      128  main.o(.bss)
    .bss                                     0x20000098   Section       95  mpu6050.o(.bss)
    .bss                                     0x200000f8   Section       96  libspace.o(.bss)
    HEAP                                     0x20000158   Section      512  startup_stm32f103xb.o(HEAP)
    Heap_Mem                                 0x20000158   Data         512  startup_stm32f103xb.o(HEAP)
    STACK                                    0x20000358   Section     1024  startup_stm32f103xb.o(STACK)
    Stack_Mem                                0x20000358   Data        1024  startup_stm32f103xb.o(STACK)
    __initial_sp                             0x20000758   Data           0  startup_stm32f103xb.o(STACK)

    Global Symbols

    Symbol Name                              Value     Ov Type        Size  Object(Section)

    BuildAttributes$$THM_ISAv4$P$D$K$B$S$PE$A:L22UL41UL21$X:L11$S22US41US21$IEEE1$IW$USESV6$~STKCKD$USESV7$~SHL$OTIME$ROPI$IEEEJ$EBA8$UX$STANDARDLIB$REQ8$PRES8$EABIv2 0x00000000   Number         0  anon$$obj.o ABSOLUTE
    __ARM_use_no_argv                        0x00000000   Number         0  main.o ABSOLUTE
    _printf_flags                            0x00000000   Number         0  printf_stubs.o ABSOLUTE
    _printf_return_value                     0x00000000   Number         0  printf_stubs.o ABSOLUTE
    _printf_sizespec                         0x00000000   Number         0  printf_stubs.o ABSOLUTE
    _printf_widthprec                        0x00000000   Number         0  printf_stubs.o ABSOLUTE
    __ARM_exceptions_init                     - Undefined Weak Reference
    __alloca_initialize                       - Undefined Weak Reference
    __arm_fini_                               - Undefined Weak Reference
    __arm_preinit_                            - Undefined Weak Reference
    __cpp_initialize__aeabi_                  - Undefined Weak Reference
    __cxa_finalize                            - Undefined Weak Reference
    __sigvec_lookup                           - Undefined Weak Reference
    _atexit_init                              - Undefined Weak Reference
    _call_atexit_fns                          - Undefined Weak Reference
    _clock_init                               - Undefined Weak Reference
    _fp_trap_init                             - Undefined Weak Reference
    _fp_trap_shutdown                         - Undefined Weak Reference
    _get_lc_collate                           - Undefined Weak Reference
    _get_lc_ctype                             - Undefined Weak Reference
    _get_lc_monetary                          - Undefined Weak Reference
    _get_lc_time                              - Undefined Weak Reference
    _getenv_init                              - Undefined Weak Reference
    _handle_redirection                       - Undefined Weak Reference
    _init_alloc                               - Undefined Weak Reference
    _init_user_alloc                          - Undefined Weak Reference
    _initio                                   - Undefined Weak Reference
    _printf_mbtowc                            - Undefined Weak Reference
    _printf_post_padding                      - Undefined Weak Reference
    _printf_pre_padding                       - Undefined Weak Reference
    _printf_truncate_signed                   - Undefined Weak Reference
    _printf_truncate_unsigned                 - Undefined Weak Reference
    _rand_init                                - Undefined Weak Reference
    _signal_finish                            - Undefined Weak Reference
    _signal_init                              - Undefined Weak Reference
    _terminate_alloc                          - Undefined Weak Reference
    _terminate_user_alloc                     - Undefined Weak Reference
    _terminateio                              - Undefined Weak Reference
    __Vectors_Size                           0x000000ec   Number         0  startup_stm32f103xb.o ABSOLUTE
    __Vectors                                0x08000000   Data           4  startup_stm32f103xb.o(RESET)
    __Vectors_End                            0x080000ec   Data           0  startup_stm32f103xb.o(RESET)
    __main                                   0x080000ed   Thumb Code     8  __main.o(!!!main)
    __scatterload                            0x080000f5   Thumb Code     0  __scatter.o(!!!scatter)
    __scatterload_rt2                        0x080000f5   Thumb Code    44  __scatter.o(!!!scatter)
    __scatterload_rt2_thumb_only             0x080000f5   Thumb Code     0  __scatter.o(!!!scatter)
    __scatterload_null                       0x08000103   Thumb Code     0  __scatter.o(!!!scatter)
    __scatterload_copy                       0x08000129   Thumb Code    26  __scatter_copy.o(!!handler_copy)
    __scatterload_zeroinit                   0x08000145   Thumb Code    28  __scatter_zi.o(!!handler_zi)
    _printf_f                                0x08000161   Thumb Code     0  _printf_f.o(.ARM.Collect$$_printf_percent$$00000003)
    _printf_percent                          0x08000161   Thumb Code     0  _printf_percent.o(.ARM.Collect$$_printf_percent$$00000000)
    _printf_d                                0x08000167   Thumb Code     0  _printf_d.o(.ARM.Collect$$_printf_percent$$00000009)
    _printf_s                                0x0800016d   Thumb Code     0  _printf_s.o(.ARM.Collect$$_printf_percent$$00000014)
    _printf_percent_end                      0x08000173   Thumb Code     0  _printf_percent_end.o(.ARM.Collect$$_printf_percent$$00000017)
    __rt_lib_init                            0x08000177   Thumb Code     0  libinit.o(.ARM.Collect$$libinit$$00000000)
    __rt_lib_init_fp_1                       0x08000179   Thumb Code     0  libinit2.o(.ARM.Collect$$libinit$$00000002)
    __rt_lib_init_heap_1                     0x08000179   Thumb Code     0  libinit2.o(.ARM.Collect$$libinit$$0000000A)
    __rt_lib_init_lc_common                  0x08000179   Thumb Code     0  libinit2.o(.ARM.Collect$$libinit$$0000000F)
    __rt_lib_init_preinit_1                  0x08000179   Thumb Code     0  libinit2.o(.ARM.Collect$$libinit$$00000004)
    __rt_lib_init_rand_1                     0x08000179   Thumb Code     0  libinit2.o(.ARM.Collect$$libinit$$0000000E)
    __rt_lib_init_user_alloc_1               0x08000179   Thumb Code     0  libinit2.o(.ARM.Collect$$libinit$$0000000C)
    __rt_lib_init_lc_collate_1               0x0800017f   Thumb Code     0  libinit2.o(.ARM.Collect$$libinit$$00000011)
    __rt_lib_init_lc_ctype_1                 0x0800017f   Thumb Code     0  libinit2.o(.ARM.Collect$$libinit$$00000013)
    __rt_lib_init_lc_monetary_1              0x0800017f   Thumb Code     0  libinit2.o(.ARM.Collect$$libinit$$00000015)
    __rt_lib_init_lc_numeric_2               0x0800017f   Thumb Code     0  libinit2.o(.ARM.Collect$$libinit$$00000016)
    __rt_lib_init_alloca_1                   0x08000189   Thumb Code     0  libinit2.o(.ARM.Collect$$libinit$$0000002E)
    __rt_lib_init_argv_1                     0x08000189   Thumb Code     0  libinit2.o(.ARM.Collect$$libinit$$0000002C)
    __rt_lib_init_atexit_1                   0x08000189   Thumb Code     0  libinit2.o(.ARM.Collect$$libinit$$0000001B)
    __rt_lib_init_clock_1                    0x08000189   Thumb Code     0  libinit2.o(.ARM.Collect$$libinit$$00000021)
    __rt_lib_init_cpp_1                      0x08000189   Thumb Code     0  libinit2.o(.ARM.Collect$$libinit$$00000032)
    __rt_lib_init_exceptions_1               0x08000189   Thumb Code     0  libinit2.o(.ARM.Collect$$libinit$$00000030)
    __rt_lib_init_fp_trap_1                  0x08000189   Thumb Code     0  libinit2.o(.ARM.Collect$$libinit$$0000001F)
    __rt_lib_init_getenv_1                   0x08000189   Thumb Code     0  libinit2.o(.ARM.Collect$$libinit$$00000023)
    __rt_lib_init_lc_numeric_1               0x08000189   Thumb Code     0  libinit2.o(.ARM.Collect$$libinit$$00000017)
    __rt_lib_init_lc_time_1                  0x08000189   Thumb Code     0  libinit2.o(.ARM.Collect$$libinit$$00000019)
    __rt_lib_init_return                     0x08000189   Thumb Code     0  libinit2.o(.ARM.Collect$$libinit$$00000033)
    __rt_lib_init_signal_1                   0x08000189   Thumb Code     0  libinit2.o(.ARM.Collect$$libinit$$0000001D)
    __rt_lib_init_stdio_1                    0x08000189   Thumb Code     0  libinit2.o(.ARM.Collect$$libinit$$00000025)
    __rt_lib_shutdown                        0x0800018b   Thumb Code     0  libshutdown.o(.ARM.Collect$$libshutdown$$00000000)
    __rt_lib_shutdown_cpp_1                  0x0800018d   Thumb Code     0  libshutdown2.o(.ARM.Collect$$libshutdown$$00000004)
    __rt_lib_shutdown_fini_1                 0x0800018d   Thumb Code     0  libshutdown2.o(.ARM.Collect$$libshutdown$$00000002)
    __rt_lib_shutdown_fp_trap_1              0x0800018d   Thumb Code     0  libshutdown2.o(.ARM.Collect$$libshutdown$$00000009)
    __rt_lib_shutdown_heap_1                 0x0800018d   Thumb Code     0  libshutdown2.o(.ARM.Collect$$libshutdown$$00000011)
    __rt_lib_shutdown_return                 0x0800018d   Thumb Code     0  libshutdown2.o(.ARM.Collect$$libshutdown$$00000012)
    __rt_lib_shutdown_signal_1               0x0800018d   Thumb Code     0  libshutdown2.o(.ARM.Collect$$libshutdown$$0000000C)
    __rt_lib_shutdown_stdio_1                0x0800018d   Thumb Code     0  libshutdown2.o(.ARM.Collect$$libshutdown$$00000006)
    __rt_lib_shutdown_user_alloc_1           0x0800018d   Thumb Code     0  libshutdown2.o(.ARM.Collect$$libshutdown$$0000000E)
    __rt_entry                               0x0800018f   Thumb Code     0  __rtentry.o(.ARM.Collect$$rtentry$$00000000)
    __rt_entry_presh_1                       0x0800018f   Thumb Code     0  __rtentry2.o(.ARM.Collect$$rtentry$$00000002)
    __rt_entry_sh                            0x0800018f   Thumb Code     0  __rtentry4.o(.ARM.Collect$$rtentry$$00000004)
    __rt_entry_li                            0x08000195   Thumb Code     0  __rtentry2.o(.ARM.Collect$$rtentry$$0000000A)
    __rt_entry_postsh_1                      0x08000195   Thumb Code     0  __rtentry2.o(.ARM.Collect$$rtentry$$00000009)
    __rt_entry_main                          0x08000199   Thumb Code     0  __rtentry2.o(.ARM.Collect$$rtentry$$0000000D)
    __rt_entry_postli_1                      0x08000199   Thumb Code     0  __rtentry2.o(.ARM.Collect$$rtentry$$0000000C)
    __rt_exit                                0x080001a1   Thumb Code     0  rtexit.o(.ARM.Collect$$rtexit$$00000000)
    __rt_exit_ls                             0x080001a3   Thumb Code     0  rtexit2.o(.ARM.Collect$$rtexit$$00000003)
    __rt_exit_prels_1                        0x080001a3   Thumb Code     0  rtexit2.o(.ARM.Collect$$rtexit$$00000002)
    __rt_exit_exit                           0x080001a7   Thumb Code     0  rtexit2.o(.ARM.Collect$$rtexit$$00000004)
    Reset_Handler                            0x080001ad   Thumb Code     8  startup_stm32f103xb.o(.text)
    NMI_Handler                              0x080001b5   Thumb Code     2  startup_stm32f103xb.o(.text)
    HardFault_Handler                        0x080001b7   Thumb Code     2  startup_stm32f103xb.o(.text)
    MemManage_Handler                        0x080001b9   Thumb Code     2  startup_stm32f103xb.o(.text)
    BusFault_Handler                         0x080001bb   Thumb Code     2  startup_stm32f103xb.o(.text)
    UsageFault_Handler                       0x080001bd   Thumb Code     2  startup_stm32f103xb.o(.text)
    SVC_Handler                              0x080001bf   Thumb Code     2  startup_stm32f103xb.o(.text)
    DebugMon_Handler                         0x080001c1   Thumb Code     2  startup_stm32f103xb.o(.text)
    PendSV_Handler                           0x080001c3   Thumb Code     2  startup_stm32f103xb.o(.text)
    ADC1_2_IRQHandler                        0x080001c7   Thumb Code     0  startup_stm32f103xb.o(.text)
    CAN1_RX1_IRQHandler                      0x080001c7   Thumb Code     0  startup_stm32f103xb.o(.text)
    CAN1_SCE_IRQHandler                      0x080001c7   Thumb Code     0  startup_stm32f103xb.o(.text)
    DMA1_Channel1_IRQHandler                 0x080001c7   Thumb Code     0  startup_stm32f103xb.o(.text)
    DMA1_Channel2_IRQHandler                 0x080001c7   Thumb Code     0  startup_stm32f103xb.o(.text)
    DMA1_Channel3_IRQHandler                 0x080001c7   Thumb Code     0  startup_stm32f103xb.o(.text)
    DMA1_Channel4_IRQHandler                 0x080001c7   Thumb Code     0  startup_stm32f103xb.o(.text)
    DMA1_Channel5_IRQHandler                 0x080001c7   Thumb Code     0  startup_stm32f103xb.o(.text)
    DMA1_Channel6_IRQHandler                 0x080001c7   Thumb Code     0  startup_stm32f103xb.o(.text)
    DMA1_Channel7_IRQHandler                 0x080001c7   Thumb Code     0  startup_stm32f103xb.o(.text)
    EXTI0_IRQHandler                         0x080001c7   Thumb Code     0  startup_stm32f103xb.o(.text)
    EXTI15_10_IRQHandler                     0x080001c7   Thumb Code     0  startup_stm32f103xb.o(.text)
    EXTI1_IRQHandler                         0x080001c7   Thumb Code     0  startup_stm32f103xb.o(.text)
    EXTI2_IRQHandler                         0x080001c7   Thumb Code     0  startup_stm32f103xb.o(.text)
    EXTI3_IRQHandler                         0x080001c7   Thumb Code     0  startup_stm32f103xb.o(.text)
    EXTI4_IRQHandler                         0x080001c7   Thumb Code     0  startup_stm32f103xb.o(.text)
    EXTI9_5_IRQHandler                       0x080001c7   Thumb Code     0  startup_stm32f103xb.o(.text)
    FLASH_IRQHandler                         0x080001c7   Thumb Code     0  startup_stm32f103xb.o(.text)
    I2C1_ER_IRQHandler                       0x080001c7   Thumb Code     0  startup_stm32f103xb.o(.text)
    I2C1_EV_IRQHandler                       0x080001c7   Thumb Code     0  startup_stm32f103xb.o(.text)
    I2C2_ER_IRQHandler                       0x080001c7   Thumb Code     0  startup_stm32f103xb.o(.text)
    I2C2_EV_IRQHandler                       0x080001c7   Thumb Code     0  startup_stm32f103xb.o(.text)
    PVD_IRQHandler                           0x080001c7   Thumb Code     0  startup_stm32f103xb.o(.text)
    RCC_IRQHandler                           0x080001c7   Thumb Code     0  startup_stm32f103xb.o(.text)
    RTC_Alarm_IRQHandler                     0x080001c7   Thumb Code     0  startup_stm32f103xb.o(.text)
    RTC_IRQHandler                           0x080001c7   Thumb Code     0  startup_stm32f103xb.o(.text)
    SPI1_IRQHandler                          0x080001c7   Thumb Code     0  startup_stm32f103xb.o(.text)
    SPI2_IRQHandler                          0x080001c7   Thumb Code     0  startup_stm32f103xb.o(.text)
    TAMPER_IRQHandler                        0x080001c7   Thumb Code     0  startup_stm32f103xb.o(.text)
    TIM1_BRK_IRQHandler                      0x080001c7   Thumb Code     0  startup_stm32f103xb.o(.text)
    TIM1_CC_IRQHandler                       0x080001c7   Thumb Code     0  startup_stm32f103xb.o(.text)
    TIM1_TRG_COM_IRQHandler                  0x080001c7   Thumb Code     0  startup_stm32f103xb.o(.text)
    TIM1_UP_IRQHandler                       0x080001c7   Thumb Code     0  startup_stm32f103xb.o(.text)
    TIM2_IRQHandler                          0x080001c7   Thumb Code     0  startup_stm32f103xb.o(.text)
    TIM3_IRQHandler                          0x080001c7   Thumb Code     0  startup_stm32f103xb.o(.text)
    TIM4_IRQHandler                          0x080001c7   Thumb Code     0  startup_stm32f103xb.o(.text)
    USART1_IRQHandler                        0x080001c7   Thumb Code     0  startup_stm32f103xb.o(.text)
    USART2_IRQHandler                        0x080001c7   Thumb Code     0  startup_stm32f103xb.o(.text)
    USART3_IRQHandler                        0x080001c7   Thumb Code     0  startup_stm32f103xb.o(.text)
    USBWakeUp_IRQHandler                     0x080001c7   Thumb Code     0  startup_stm32f103xb.o(.text)
    USB_HP_CAN1_TX_IRQHandler                0x080001c7   Thumb Code     0  startup_stm32f103xb.o(.text)
    USB_LP_CAN1_RX0_IRQHandler               0x080001c7   Thumb Code     0  startup_stm32f103xb.o(.text)
    WWDG_IRQHandler                          0x080001c7   Thumb Code     0  startup_stm32f103xb.o(.text)
    __user_initial_stackheap                 0x080001c9   Thumb Code     0  startup_stm32f103xb.o(.text)
    __2sprintf                               0x080001ed   Thumb Code    34  noretval__2sprintf.o(.text)
    _printf_str                              0x08000215   Thumb Code    82  _printf_str.o(.text)
    _printf_int_dec                          0x08000269   Thumb Code   104  _printf_dec.o(.text)
    __printf                                 0x080002e1   Thumb Code   270  __printf_wp.o(.text)
    __use_two_region_memory                  0x080003ef   Thumb Code     2  heapauxi.o(.text)
    __rt_heap_escrow$2region                 0x080003f1   Thumb Code     2  heapauxi.o(.text)
    __rt_heap_expand$2region                 0x080003f3   Thumb Code     2  heapauxi.o(.text)
    _printf_int_common                       0x080003f5   Thumb Code   178  _printf_intcommon.o(.text)
    __lib_sel_fp_printf                      0x080004a7   Thumb Code     2  _printf_fp_dec.o(.text)
    _printf_fp_dec_real                      0x08000659   Thumb Code   620  _printf_fp_dec.o(.text)
    _printf_char_common                      0x080008cf   Thumb Code    32  _printf_char_common.o(.text)
    _sputc                                   0x080008f5   Thumb Code    10  _sputc.o(.text)
    _printf_cs_common                        0x080008ff   Thumb Code    20  _printf_char.o(.text)
    _printf_char                             0x08000913   Thumb Code    16  _printf_char.o(.text)
    _printf_string                           0x08000923   Thumb Code     8  _printf_char.o(.text)
    __rt_locale                              0x0800092d   Thumb Code     8  rt_locale_intlibspace.o(.text)
    _ll_udiv10                               0x08000935   Thumb Code   138  lludiv10.o(.text)
    _printf_fp_infnan                        0x080009c1   Thumb Code   112  _printf_fp_infnan.o(.text)
    _btod_etento                             0x08000a41   Thumb Code   224  bigflt0.o(.text)
    __user_libspace                          0x08000b25   Thumb Code     8  libspace.o(.text)
    __user_perproc_libspace                  0x08000b25   Thumb Code     0  libspace.o(.text)
    __user_perthread_libspace                0x08000b25   Thumb Code     0  libspace.o(.text)
    __user_setup_stackheap                   0x08000b2d   Thumb Code    74  sys_stackheap_outer.o(.text)
    exit                                     0x08000b77   Thumb Code    18  exit.o(.text)
    strcmp                                   0x08000b89   Thumb Code   128  strcmpv7m.o(.text)
    _sys_exit                                0x08000c09   Thumb Code     8  sys_exit.o(.text)
    __I$use$semihosting                      0x08000c15   Thumb Code     0  use_no_semi.o(.text)
    __use_no_semihosting_swi                 0x08000c15   Thumb Code     2  use_no_semi.o(.text)
    __semihosting_library_function           0x08000c17   Thumb Code     0  indicate_semi.o(.text)
    _btod_d2e                                0x08000c17   Thumb Code    62  btod.o(CL$$btod_d2e)
    _d2e_denorm_low                          0x08000c55   Thumb Code    70  btod.o(CL$$btod_d2e_denorm_low)
    _d2e_norm_op1                            0x08000c9b   Thumb Code    96  btod.o(CL$$btod_d2e_norm_op1)
    __btod_div_common                        0x08000cfb   Thumb Code   696  btod.o(CL$$btod_div_common)
    _e2e                                     0x08001033   Thumb Code   220  btod.o(CL$$btod_e2e)
    _btod_ediv                               0x0800110f   Thumb Code    42  btod.o(CL$$btod_ediv)
    _btod_emul                               0x08001139   Thumb Code    42  btod.o(CL$$btod_emul)
    __btod_mult_common                       0x08001163   Thumb Code   580  btod.o(CL$$btod_mult_common)
    SysTick_Handler                          0x080013d1   Thumb Code    12  delay.o(i.SysTick_Handler)
    SystemInit                               0x080013e1   Thumb Code     2  system_stm32f1xx.o(i.SystemInit)
    __ARM_fpclassify                         0x080013e3   Thumb Code    40  fpclassify.o(i.__ARM_fpclassify)
    _is_digit                                0x0800140b   Thumb Code    14  __printf_wp.o(i._is_digit)
    delay_init                               0x08001419   Thumb Code   202  delay.o(i.delay_init)
    delay_ms                                 0x080014f1   Thumb Code    18  delay.o(i.delay_ms)
    i2c1_addressDirection                    0x08001509   Thumb Code    60  i2c1.o(i.i2c1_addressDirection)
    i2c1_checkEvent                          0x08001551   Thumb Code    32  i2c1.o(i.i2c1_checkEvent)
    i2c1_init                                0x08001575   Thumb Code   368  i2c1.o(i.i2c1_init)
    i2c1_receiveAck                          0x080016fd   Thumb Code    36  i2c1.o(i.i2c1_receiveAck)
    i2c1_receiveNack                         0x08001729   Thumb Code    36  i2c1.o(i.i2c1_receiveNack)
    i2c1_start                               0x08001755   Thumb Code    28  i2c1.o(i.i2c1_start)
    i2c1_stop                                0x08001779   Thumb Code    30  i2c1.o(i.i2c1_stop)
    i2c1_transmit                            0x0800179d   Thumb Code    22  i2c1.o(i.i2c1_transmit)
    main                                     0x080017bd   Thumb Code   540  main.o(i.main)
    mpu6050_getAccelOffsetX                  0x08001c35   Thumb Code    10  mpu6050.o(i.mpu6050_getAccelOffsetX)
    mpu6050_getAccelOffsetY                  0x08001c3f   Thumb Code    10  mpu6050.o(i.mpu6050_getAccelOffsetY)
    mpu6050_getAccelOffsetZ                  0x08001c49   Thumb Code    10  mpu6050.o(i.mpu6050_getAccelOffsetZ)
    mpu6050_getClockSource                   0x08001c53   Thumb Code    20  mpu6050.o(i.mpu6050_getClockSource)
    mpu6050_getGyroOffsetX                   0x08001c67   Thumb Code    10  mpu6050.o(i.mpu6050_getGyroOffsetX)
    mpu6050_getGyroOffsetY                   0x08001c71   Thumb Code    10  mpu6050.o(i.mpu6050_getGyroOffsetY)
    mpu6050_getGyroOffsetZ                   0x08001c7b   Thumb Code    10  mpu6050.o(i.mpu6050_getGyroOffsetZ)
    mpu6050_getRange                         0x08001c85   Thumb Code    22  mpu6050.o(i.mpu6050_getRange)
    mpu6050_getSleepEnabled                  0x08001c9b   Thumb Code    12  mpu6050.o(i.mpu6050_getSleepEnabled)
    mpu6050_init                             0x08001ca9   Thumb Code    82  mpu6050.o(i.mpu6050_init)
    mpu6050_readNormalizeAccel               0x08001d0d   Thumb Code    92  mpu6050.o(i.mpu6050_readNormalizeAccel)
    mpu6050_readNormalizeGyro                0x08001d79   Thumb Code   302  mpu6050.o(i.mpu6050_readNormalizeGyro)
    mpu6050_readRawAccel                     0x08001ec5   Thumb Code   138  mpu6050.o(i.mpu6050_readRawAccel)
    mpu6050_readRawGyro                      0x08001f55   Thumb Code   138  mpu6050.o(i.mpu6050_readRawGyro)
    mpu6050_readRegister16                   0x08001fe5   Thumb Code    72  mpu6050.o(i.mpu6050_readRegister16)
    mpu6050_readRegister8                    0x0800202d   Thumb Code    50  mpu6050.o(i.mpu6050_readRegister8)
    mpu6050_readRegisterBit                  0x0800205f   Thumb Code    26  mpu6050.o(i.mpu6050_readRegisterBit)
    mpu6050_setClockSource                   0x08002079   Thumb Code    30  mpu6050.o(i.mpu6050_setClockSource)
    mpu6050_setRange                         0x08002099   Thumb Code    86  mpu6050.o(i.mpu6050_setRange)
    mpu6050_setScale                         0x08002105   Thumb Code    86  mpu6050.o(i.mpu6050_setScale)
    mpu6050_setSleepEnabled                  0x08002171   Thumb Code    16  mpu6050.o(i.mpu6050_setSleepEnabled)
    mpu6050_writeRegister8                   0x08002181   Thumb Code    36  mpu6050.o(i.mpu6050_writeRegister8)
    mpu6050_writeRegisterBit                 0x080021a5   Thumb Code    50  mpu6050.o(i.mpu6050_writeRegisterBit)
    startup_init                             0x080021d9   Thumb Code   268  startup.o(i.startup_init)
    usart1_init                              0x08002301   Thumb Code   186  usart1.o(i.usart1_init)
    usart1_putChar                           0x080023c9   Thumb Code    26  usart1.o(i.usart1_putChar)
    usart1_putString                         0x080023e9   Thumb Code    28  usart1.o(i.usart1_putString)
    _get_lc_numeric                          0x08002405   Thumb Code    44  lc_numeric_c.o(locale$$code)
    __fpl_dcmp_Inf                           0x08002431   Thumb Code    24  dcmpi.o(x$fpl$dcmpinf)
    __aeabi_cdcmple                          0x08002449   Thumb Code     0  dleqf.o(x$fpl$dleqf)
    _dcmple                                  0x08002449   Thumb Code   120  dleqf.o(x$fpl$dleqf)
    __fpl_dcmple_InfNaN                      0x080024ab   Thumb Code     0  dleqf.o(x$fpl$dleqf)
    __fpl_dnaninf                            0x080024c1   Thumb Code   156  dnaninf.o(x$fpl$dnaninf)
    __fpl_dretinf                            0x0800255d   Thumb Code    12  dretinf.o(x$fpl$dretinf)
    __aeabi_f2d                              0x08002569   Thumb Code     0  f2d.o(x$fpl$f2d)
    _f2d                                     0x08002569   Thumb Code    86  f2d.o(x$fpl$f2d)
    __aeabi_fadd                             0x080025c1   Thumb Code     0  faddsub_clz.o(x$fpl$fadd)
    _fadd                                    0x080025c1   Thumb Code   196  faddsub_clz.o(x$fpl$fadd)
    __fpl_fcmp_Inf                           0x08002685   Thumb Code    24  fcmpi.o(x$fpl$fcmpinf)
    __aeabi_cfcmpeq                          0x0800269d   Thumb Code     0  feqf.o(x$fpl$feqf)
    _fcmpeq                                  0x0800269d   Thumb Code   104  feqf.o(x$fpl$feqf)
    __aeabi_i2f                              0x08002705   Thumb Code     0  fflt_clz.o(x$fpl$fflt)
    _fflt                                    0x08002705   Thumb Code    48  fflt_clz.o(x$fpl$fflt)
    __aeabi_fmul                             0x08002735   Thumb Code     0  fmul.o(x$fpl$fmul)
    _fmul                                    0x08002735   Thumb Code   258  fmul.o(x$fpl$fmul)
    __fpl_fnaninf                            0x08002837   Thumb Code   140  fnaninf.o(x$fpl$fnaninf)
    __fpl_fretinf                            0x080028c3   Thumb Code    10  fretinf.o(x$fpl$fretinf)
    __aeabi_fsub                             0x080028cd   Thumb Code     0  faddsub_clz.o(x$fpl$fsub)
    _fsub                                    0x080028cd   Thumb Code   234  faddsub_clz.o(x$fpl$fsub)
    _printf_fp_dec                           0x080029b7   Thumb Code     4  printf1.o(x$fpl$printf1)
    __I$use$fp                               0x080029ba   Number         0  usenofp.o(x$fpl$usenofp)
    Region$$Table$$Base                      0x08002adc   Number         0  anon$$obj.o(Region$$Table)
    Region$$Table$$Limit                     0x08002afc   Number         0  anon$$obj.o(Region$$Table)
    SystemCoreClock                          0x20000000   Data           4  system_stm32f1xx.o(.data)
    __dpsPerDigit                            0x20000004   Data           4  mpu6050.o(.data)
    __rangePerDigit                          0x20000008   Data           4  mpu6050.o(.data)
    __actualThreshold                        0x2000000c   Data           4  mpu6050.o(.data)
    __useCalibrate                           0x20000010   Data           1  mpu6050.o(.data)
    __msTick                                 0x20000014   Data           4  delay.o(.data)
    str                                      0x20000018   Data         128  main.o(.bss)
    __ra                                     0x20000098   Data          12  mpu6050.o(.bss)
    __rg                                     0x200000a4   Data          12  mpu6050.o(.bss)
    operator new[]                           0x200000b0   Data          12  mpu6050.o(.bss)
    __ng                                     0x200000bc   Data          12  mpu6050.o(.bss)
    __tg                                     0x200000c8   Data          12  mpu6050.o(.bss)
    __dg                                     0x200000d4   Data          12  mpu6050.o(.bss)
    __th                                     0x200000e0   Data          12  mpu6050.o(.bss)
    __a                                      0x200000ec   Data          11  mpu6050.o(.bss)
    __libspace_start                         0x200000f8   Data          96  libspace.o(.bss)
    __temporary_stack_top$libspace           0x20000158   Data           0  libspace.o(.bss)



==============================================================================

Memory Map of the image

  Image Entry point : 0x080000ed

  Load Region LR_IROM1 (Base: 0x08000000, Size: 0x00002b30, Max: 0x00010000, ABSOLUTE)

    Execution Region ER_IROM1 (Exec base: 0x08000000, Load base: 0x08000000, Size: 0x00002b18, Max: 0x00010000, ABSOLUTE)

    Exec Addr    Load Addr    Size         Type   Attr      Idx    E Section Name        Object

    0x08000000   0x08000000   0x000000ec   Data   RO            3    RESET               startup_stm32f103xb.o
    0x080000ec   0x080000ec   0x00000008   Code   RO          746  * !!!main             c_w.l(__main.o)
    0x080000f4   0x080000f4   0x00000034   Code   RO         1033    !!!scatter          c_w.l(__scatter.o)
    0x08000128   0x08000128   0x0000001a   Code   RO         1035    !!handler_copy      c_w.l(__scatter_copy.o)
    0x08000142   0x08000142   0x00000002   PAD
    0x08000144   0x08000144   0x0000001c   Code   RO         1037    !!handler_zi        c_w.l(__scatter_zi.o)
    0x08000160   0x08000160   0x00000000   Code   RO          743    .ARM.Collect$$_printf_percent$$00000000  c_w.l(_printf_percent.o)
    0x08000160   0x08000160   0x00000006   Code   RO          742    .ARM.Collect$$_printf_percent$$00000003  c_w.l(_printf_f.o)
    0x08000166   0x08000166   0x00000006   Code   RO          741    .ARM.Collect$$_printf_percent$$00000009  c_w.l(_printf_d.o)
    0x0800016c   0x0800016c   0x00000006   Code   RO          740    .ARM.Collect$$_printf_percent$$00000014  c_w.l(_printf_s.o)
    0x08000172   0x08000172   0x00000004   Code   RO          809    .ARM.Collect$$_printf_percent$$00000017  c_w.l(_printf_percent_end.o)
    0x08000176   0x08000176   0x00000002   Code   RO          904    .ARM.Collect$$libinit$$00000000  c_w.l(libinit.o)
    0x08000178   0x08000178   0x00000000   Code   RO          906    .ARM.Collect$$libinit$$00000002  c_w.l(libinit2.o)
    0x08000178   0x08000178   0x00000000   Code   RO          908    .ARM.Collect$$libinit$$00000004  c_w.l(libinit2.o)
    0x08000178   0x08000178   0x00000000   Code   RO          911    .ARM.Collect$$libinit$$0000000A  c_w.l(libinit2.o)
    0x08000178   0x08000178   0x00000000   Code   RO          913    .ARM.Collect$$libinit$$0000000C  c_w.l(libinit2.o)
    0x08000178   0x08000178   0x00000000   Code   RO          915    .ARM.Collect$$libinit$$0000000E  c_w.l(libinit2.o)
    0x08000178   0x08000178   0x00000006   Code   RO          916    .ARM.Collect$$libinit$$0000000F  c_w.l(libinit2.o)
    0x0800017e   0x0800017e   0x00000000   Code   RO          918    .ARM.Collect$$libinit$$00000011  c_w.l(libinit2.o)
    0x0800017e   0x0800017e   0x00000000   Code   RO          920    .ARM.Collect$$libinit$$00000013  c_w.l(libinit2.o)
    0x0800017e   0x0800017e   0x00000000   Code   RO          922    .ARM.Collect$$libinit$$00000015  c_w.l(libinit2.o)
    0x0800017e   0x0800017e   0x0000000a   Code   RO          923    .ARM.Collect$$libinit$$00000016  c_w.l(libinit2.o)
    0x08000188   0x08000188   0x00000000   Code   RO          924    .ARM.Collect$$libinit$$00000017  c_w.l(libinit2.o)
    0x08000188   0x08000188   0x00000000   Code   RO          926    .ARM.Collect$$libinit$$00000019  c_w.l(libinit2.o)
    0x08000188   0x08000188   0x00000000   Code   RO          928    .ARM.Collect$$libinit$$0000001B  c_w.l(libinit2.o)
    0x08000188   0x08000188   0x00000000   Code   RO          930    .ARM.Collect$$libinit$$0000001D  c_w.l(libinit2.o)
    0x08000188   0x08000188   0x00000000   Code   RO          932    .ARM.Collect$$libinit$$0000001F  c_w.l(libinit2.o)
    0x08000188   0x08000188   0x00000000   Code   RO          934    .ARM.Collect$$libinit$$00000021  c_w.l(libinit2.o)
    0x08000188   0x08000188   0x00000000   Code   RO          936    .ARM.Collect$$libinit$$00000023  c_w.l(libinit2.o)
    0x08000188   0x08000188   0x00000000   Code   RO          938    .ARM.Collect$$libinit$$00000025  c_w.l(libinit2.o)
    0x08000188   0x08000188   0x00000000   Code   RO          942    .ARM.Collect$$libinit$$0000002C  c_w.l(libinit2.o)
    0x08000188   0x08000188   0x00000000   Code   RO          944    .ARM.Collect$$libinit$$0000002E  c_w.l(libinit2.o)
    0x08000188   0x08000188   0x00000000   Code   RO          946    .ARM.Collect$$libinit$$00000030  c_w.l(libinit2.o)
    0x08000188   0x08000188   0x00000000   Code   RO          948    .ARM.Collect$$libinit$$00000032  c_w.l(libinit2.o)
    0x08000188   0x08000188   0x00000002   Code   RO          949    .ARM.Collect$$libinit$$00000033  c_w.l(libinit2.o)
    0x0800018a   0x0800018a   0x00000002   Code   RO          979    .ARM.Collect$$libshutdown$$00000000  c_w.l(libshutdown.o)
    0x0800018c   0x0800018c   0x00000000   Code   RO          990    .ARM.Collect$$libshutdown$$00000002  c_w.l(libshutdown2.o)
    0x0800018c   0x0800018c   0x00000000   Code   RO          992    .ARM.Collect$$libshutdown$$00000004  c_w.l(libshutdown2.o)
    0x0800018c   0x0800018c   0x00000000   Code   RO          994    .ARM.Collect$$libshutdown$$00000006  c_w.l(libshutdown2.o)
    0x0800018c   0x0800018c   0x00000000   Code   RO          997    .ARM.Collect$$libshutdown$$00000009  c_w.l(libshutdown2.o)
    0x0800018c   0x0800018c   0x00000000   Code   RO         1000    .ARM.Collect$$libshutdown$$0000000C  c_w.l(libshutdown2.o)
    0x0800018c   0x0800018c   0x00000000   Code   RO         1002    .ARM.Collect$$libshutdown$$0000000E  c_w.l(libshutdown2.o)
    0x0800018c   0x0800018c   0x00000000   Code   RO         1005    .ARM.Collect$$libshutdown$$00000011  c_w.l(libshutdown2.o)
    0x0800018c   0x0800018c   0x00000002   Code   RO         1006    .ARM.Collect$$libshutdown$$00000012  c_w.l(libshutdown2.o)
    0x0800018e   0x0800018e   0x00000000   Code   RO          796    .ARM.Collect$$rtentry$$00000000  c_w.l(__rtentry.o)
    0x0800018e   0x0800018e   0x00000000   Code   RO          828    .ARM.Collect$$rtentry$$00000002  c_w.l(__rtentry2.o)
    0x0800018e   0x0800018e   0x00000006   Code   RO          840    .ARM.Collect$$rtentry$$00000004  c_w.l(__rtentry4.o)
    0x08000194   0x08000194   0x00000000   Code   RO          830    .ARM.Collect$$rtentry$$00000009  c_w.l(__rtentry2.o)
    0x08000194   0x08000194   0x00000004   Code   RO          831    .ARM.Collect$$rtentry$$0000000A  c_w.l(__rtentry2.o)
    0x08000198   0x08000198   0x00000000   Code   RO          833    .ARM.Collect$$rtentry$$0000000C  c_w.l(__rtentry2.o)
    0x08000198   0x08000198   0x00000008   Code   RO          834    .ARM.Collect$$rtentry$$0000000D  c_w.l(__rtentry2.o)
    0x080001a0   0x080001a0   0x00000002   Code   RO          950    .ARM.Collect$$rtexit$$00000000  c_w.l(rtexit.o)
    0x080001a2   0x080001a2   0x00000000   Code   RO          957    .ARM.Collect$$rtexit$$00000002  c_w.l(rtexit2.o)
    0x080001a2   0x080001a2   0x00000004   Code   RO          958    .ARM.Collect$$rtexit$$00000003  c_w.l(rtexit2.o)
    0x080001a6   0x080001a6   0x00000006   Code   RO          959    .ARM.Collect$$rtexit$$00000004  c_w.l(rtexit2.o)
    0x080001ac   0x080001ac   0x00000040   Code   RO            4    .text               startup_stm32f103xb.o
    0x080001ec   0x080001ec   0x00000028   Code   RO          712    .text               c_w.l(noretval__2sprintf.o)
    0x08000214   0x08000214   0x00000052   Code   RO          716    .text               c_w.l(_printf_str.o)
    0x08000266   0x08000266   0x00000002   PAD
    0x08000268   0x08000268   0x00000078   Code   RO          718    .text               c_w.l(_printf_dec.o)
    0x080002e0   0x080002e0   0x0000010e   Code   RO          728    .text               c_w.l(__printf_wp.o)
    0x080003ee   0x080003ee   0x00000006   Code   RO          744    .text               c_w.l(heapauxi.o)
    0x080003f4   0x080003f4   0x000000b2   Code   RO          799    .text               c_w.l(_printf_intcommon.o)
    0x080004a6   0x080004a6   0x0000041e   Code   RO          801    .text               c_w.l(_printf_fp_dec.o)
    0x080008c4   0x080008c4   0x00000030   Code   RO          803    .text               c_w.l(_printf_char_common.o)
    0x080008f4   0x080008f4   0x0000000a   Code   RO          805    .text               c_w.l(_sputc.o)
    0x080008fe   0x080008fe   0x0000002c   Code   RO          807    .text               c_w.l(_printf_char.o)
    0x0800092a   0x0800092a   0x00000002   PAD
    0x0800092c   0x0800092c   0x00000008   Code   RO          845    .text               c_w.l(rt_locale_intlibspace.o)
    0x08000934   0x08000934   0x0000008a   Code   RO          852    .text               c_w.l(lludiv10.o)
    0x080009be   0x080009be   0x00000002   PAD
    0x080009c0   0x080009c0   0x00000080   Code   RO          854    .text               c_w.l(_printf_fp_infnan.o)
    0x08000a40   0x08000a40   0x000000e4   Code   RO          858    .text               c_w.l(bigflt0.o)
    0x08000b24   0x08000b24   0x00000008   Code   RO          890    .text               c_w.l(libspace.o)
    0x08000b2c   0x08000b2c   0x0000004a   Code   RO          893    .text               c_w.l(sys_stackheap_outer.o)
    0x08000b76   0x08000b76   0x00000012   Code   RO          895    .text               c_w.l(exit.o)
    0x08000b88   0x08000b88   0x00000080   Code   RO          897    .text               c_w.l(strcmpv7m.o)
    0x08000c08   0x08000c08   0x0000000c   Code   RO          969    .text               c_w.l(sys_exit.o)
    0x08000c14   0x08000c14   0x00000002   Code   RO          980    .text               c_w.l(use_no_semi.o)
    0x08000c16   0x08000c16   0x00000000   Code   RO          982    .text               c_w.l(indicate_semi.o)
    0x08000c16   0x08000c16   0x0000003e   Code   RO          861    CL$$btod_d2e        c_w.l(btod.o)
    0x08000c54   0x08000c54   0x00000046   Code   RO          863    CL$$btod_d2e_denorm_low  c_w.l(btod.o)
    0x08000c9a   0x08000c9a   0x00000060   Code   RO          862    CL$$btod_d2e_norm_op1  c_w.l(btod.o)
    0x08000cfa   0x08000cfa   0x00000338   Code   RO          871    CL$$btod_div_common  c_w.l(btod.o)
    0x08001032   0x08001032   0x000000dc   Code   RO          868    CL$$btod_e2e        c_w.l(btod.o)
    0x0800110e   0x0800110e   0x0000002a   Code   RO          865    CL$$btod_ediv       c_w.l(btod.o)
    0x08001138   0x08001138   0x0000002a   Code   RO          864    CL$$btod_emul       c_w.l(btod.o)
    0x08001162   0x08001162   0x00000244   Code   RO          870    CL$$btod_mult_common  c_w.l(btod.o)
    0x080013a6   0x080013a6   0x00000002   PAD
    0x080013a8   0x080013a8   0x00000028   Code   RO          616    i.NVIC_SetPriority  delay.o
    0x080013d0   0x080013d0   0x00000010   Code   RO          617    i.SysTick_Handler   delay.o
    0x080013e0   0x080013e0   0x00000002   Code   RO           13    i.SystemInit        system_stm32f1xx.o
    0x080013e2   0x080013e2   0x00000028   Code   RO          888    i.__ARM_fpclassify  m_ws.l(fpclassify.o)
    0x0800140a   0x0800140a   0x0000000e   Code   RO          730    i._is_digit         c_w.l(__printf_wp.o)
    0x08001418   0x08001418   0x000000d8   Code   RO          618    i.delay_init        delay.o
    0x080014f0   0x080014f0   0x00000018   Code   RO          619    i.delay_ms          delay.o
    0x08001508   0x08001508   0x00000048   Code   RO          133    i.i2c1_addressDirection  i2c1.o
    0x08001550   0x08001550   0x00000024   Code   RO          134    i.i2c1_checkEvent   i2c1.o
    0x08001574   0x08001574   0x00000188   Code   RO          135    i.i2c1_init         i2c1.o
    0x080016fc   0x080016fc   0x0000002c   Code   RO          137    i.i2c1_receiveAck   i2c1.o
    0x08001728   0x08001728   0x0000002c   Code   RO          138    i.i2c1_receiveNack  i2c1.o
    0x08001754   0x08001754   0x00000024   Code   RO          139    i.i2c1_start        i2c1.o
    0x08001778   0x08001778   0x00000024   Code   RO          140    i.i2c1_stop         i2c1.o
    0x0800179c   0x0800179c   0x00000020   Code   RO          141    i.i2c1_transmit     i2c1.o
    0x080017bc   0x080017bc   0x00000478   Code   RO           65    i.main              main.o
    0x08001c34   0x08001c34   0x0000000a   Code   RO          211    i.mpu6050_getAccelOffsetX  mpu6050.o
    0x08001c3e   0x08001c3e   0x0000000a   Code   RO          212    i.mpu6050_getAccelOffsetY  mpu6050.o
    0x08001c48   0x08001c48   0x0000000a   Code   RO          213    i.mpu6050_getAccelOffsetZ  mpu6050.o
    0x08001c52   0x08001c52   0x00000014   Code   RO          215    i.mpu6050_getClockSource  mpu6050.o
    0x08001c66   0x08001c66   0x0000000a   Code   RO          218    i.mpu6050_getGyroOffsetX  mpu6050.o
    0x08001c70   0x08001c70   0x0000000a   Code   RO          219    i.mpu6050_getGyroOffsetY  mpu6050.o
    0x08001c7a   0x08001c7a   0x0000000a   Code   RO          220    i.mpu6050_getGyroOffsetZ  mpu6050.o
    0x08001c84   0x08001c84   0x00000016   Code   RO          229    i.mpu6050_getRange  mpu6050.o
    0x08001c9a   0x08001c9a   0x0000000c   Code   RO          231    i.mpu6050_getSleepEnabled  mpu6050.o
    0x08001ca6   0x08001ca6   0x00000002   PAD
    0x08001ca8   0x08001ca8   0x00000064   Code   RO          235    i.mpu6050_init      mpu6050.o
    0x08001d0c   0x08001d0c   0x0000006c   Code   RO          237    i.mpu6050_readNormalizeAccel  mpu6050.o
    0x08001d78   0x08001d78   0x0000014c   Code   RO          238    i.mpu6050_readNormalizeGyro  mpu6050.o
    0x08001ec4   0x08001ec4   0x00000090   Code   RO          239    i.mpu6050_readRawAccel  mpu6050.o
    0x08001f54   0x08001f54   0x00000090   Code   RO          240    i.mpu6050_readRawGyro  mpu6050.o
    0x08001fe4   0x08001fe4   0x00000048   Code   RO          241    i.mpu6050_readRegister16  mpu6050.o
    0x0800202c   0x0800202c   0x00000032   Code   RO          242    i.mpu6050_readRegister8  mpu6050.o
    0x0800205e   0x0800205e   0x0000001a   Code   RO          243    i.mpu6050_readRegisterBit  mpu6050.o
    0x08002078   0x08002078   0x0000001e   Code   RO          250    i.mpu6050_setClockSource  mpu6050.o
    0x08002096   0x08002096   0x00000002   PAD
    0x08002098   0x08002098   0x0000006c   Code   RO          265    i.mpu6050_setRange  mpu6050.o
    0x08002104   0x08002104   0x0000006c   Code   RO          266    i.mpu6050_setScale  mpu6050.o
    0x08002170   0x08002170   0x00000010   Code   RO          267    i.mpu6050_setSleepEnabled  mpu6050.o
    0x08002180   0x08002180   0x00000024   Code   RO          272    i.mpu6050_writeRegister8  mpu6050.o
    0x080021a4   0x080021a4   0x00000032   Code   RO          273    i.mpu6050_writeRegisterBit  mpu6050.o
    0x080021d6   0x080021d6   0x00000002   PAD
    0x080021d8   0x080021d8   0x00000128   Code   RO          109    i.startup_init      startup.o
    0x08002300   0x08002300   0x000000c8   Code   RO          673    i.usart1_init       usart1.o
    0x080023c8   0x080023c8   0x00000020   Code   RO          674    i.usart1_putChar    usart1.o
    0x080023e8   0x080023e8   0x0000001c   Code   RO          675    i.usart1_putString  usart1.o
    0x08002404   0x08002404   0x0000002c   Code   RO          884    locale$$code        c_w.l(lc_numeric_c.o)
    0x08002430   0x08002430   0x00000018   Code   RO          810    x$fpl$dcmpinf       fz_ws.l(dcmpi.o)
    0x08002448   0x08002448   0x00000078   Code   RO          756    x$fpl$dleqf         fz_ws.l(dleqf.o)
    0x080024c0   0x080024c0   0x0000009c   Code   RO          812    x$fpl$dnaninf       fz_ws.l(dnaninf.o)
    0x0800255c   0x0800255c   0x0000000c   Code   RO          814    x$fpl$dretinf       fz_ws.l(dretinf.o)
    0x08002568   0x08002568   0x00000056   Code   RO          758    x$fpl$f2d           fz_ws.l(f2d.o)
    0x080025be   0x080025be   0x00000002   PAD
    0x080025c0   0x080025c0   0x000000c4   Code   RO          760    x$fpl$fadd          fz_ws.l(faddsub_clz.o)
    0x08002684   0x08002684   0x00000018   Code   RO          818    x$fpl$fcmpinf       fz_ws.l(fcmpi.o)
    0x0800269c   0x0800269c   0x00000068   Code   RO          770    x$fpl$feqf          fz_ws.l(feqf.o)
    0x08002704   0x08002704   0x00000030   Code   RO          777    x$fpl$fflt          fz_ws.l(fflt_clz.o)
    0x08002734   0x08002734   0x00000102   Code   RO          782    x$fpl$fmul          fz_ws.l(fmul.o)
    0x08002836   0x08002836   0x0000008c   Code   RO          822    x$fpl$fnaninf       fz_ws.l(fnaninf.o)
    0x080028c2   0x080028c2   0x0000000a   Code   RO          824    x$fpl$fretinf       fz_ws.l(fretinf.o)
    0x080028cc   0x080028cc   0x000000ea   Code   RO          762    x$fpl$fsub          fz_ws.l(faddsub_clz.o)
    0x080029b6   0x080029b6   0x00000004   Code   RO          786    x$fpl$printf1       fz_ws.l(printf1.o)
    0x080029ba   0x080029ba   0x00000000   Code   RO          826    x$fpl$usenofp       fz_ws.l(usenofp.o)
    0x080029ba   0x080029ba   0x00000002   PAD
    0x080029bc   0x080029bc   0x00000094   Data   RO          859    .constdata          c_w.l(bigflt0.o)
    0x08002a50   0x08002a50   0x00000089   Data   RO           67    .conststring        main.o
    0x08002ad9   0x08002ad9   0x00000003   PAD
    0x08002adc   0x08002adc   0x00000020   Data   RO         1031    Region$$Table       anon$$obj.o
    0x08002afc   0x08002afc   0x0000001c   Data   RO          883    locale$$data        c_w.l(lc_numeric_c.o)


    Execution Region RW_IRAM1 (Exec base: 0x20000000, Load base: 0x08002b18, Size: 0x00000758, Max: 0x00005000, ABSOLUTE)

    Exec Addr    Load Addr    Size         Type   Attr      Idx    E Section Name        Object

    0x20000000   0x08002b18   0x00000004   Data   RW           15    .data               system_stm32f1xx.o
    0x20000004   0x08002b1c   0x0000000d   Data   RW          275    .data               mpu6050.o
    0x20000011   0x08002b29   0x00000003   PAD
    0x20000014   0x08002b2c   0x00000004   Data   RW          622    .data               delay.o
    0x20000018        -       0x00000080   Zero   RW           66    .bss                main.o
    0x20000098        -       0x0000005f   Zero   RW          274    .bss                mpu6050.o
    0x200000f7   0x08002b30   0x00000001   PAD
    0x200000f8        -       0x00000060   Zero   RW          891    .bss                c_w.l(libspace.o)
    0x20000158        -       0x00000200   Zero   RW            2    HEAP                startup_stm32f103xb.o
    0x20000358        -       0x00000400   Zero   RW            1    STACK               startup_stm32f103xb.o


==============================================================================

Image component sizes


      Code (inc. data)   RO Data    RW Data    ZI Data      Debug   Object Name

       296         32          0          4          0      24580   delay.o
       692         80          0          0          0       4592   i2c1.o
      1144        612        137          0        128       4477   main.o
      1438        120          0         13         95      14856   mpu6050.o
       296         28          0          0          0      22686   startup.o
        64         26        236          0       1536        940   startup_stm32f103xb.o
         2          0          0          4          0     342775   system_stm32f1xx.o
       260         20          0          0          0       1894   usart1.o

    ----------------------------------------------------------------------
      4198        918        408         24       1760     416800   Object Totals
         0          0         32          0          0          0   (incl. Generated)
         6          0          3          3          1          0   (incl. Padding)

    ----------------------------------------------------------------------

      Code (inc. data)   RO Data    RW Data    ZI Data      Debug   Library Member Name

         8          0          0          0          0         68   __main.o
       284          0          0          0          0        156   __printf_wp.o
         0          0          0          0          0          0   __rtentry.o
        12          0          0          0          0          0   __rtentry2.o
         6          0          0          0          0          0   __rtentry4.o
        52          8          0          0          0          0   __scatter.o
        26          0          0          0          0          0   __scatter_copy.o
        28          0          0          0          0          0   __scatter_zi.o
        44          0          0          0          0        108   _printf_char.o
        48          6          0          0          0         96   _printf_char_common.o
         6          0          0          0          0          0   _printf_d.o
       120         16          0          0          0         92   _printf_dec.o
         6          0          0          0          0          0   _printf_f.o
      1054          0          0          0          0        216   _printf_fp_dec.o
       128         16          0          0          0         84   _printf_fp_infnan.o
       178          0          0          0          0         88   _printf_intcommon.o
         0          0          0          0          0          0   _printf_percent.o
         4          0          0          0          0          0   _printf_percent_end.o
         6          0          0          0          0          0   _printf_s.o
        82          0          0          0          0         80   _printf_str.o
        10          0          0          0          0         68   _sputc.o
       228          4        148          0          0         96   bigflt0.o
      1936        128          0          0          0        672   btod.o
        18          0          0          0          0         80   exit.o
         6          0          0          0          0        152   heapauxi.o
         0          0          0          0          0          0   indicate_semi.o
        44         10         28          0          0         76   lc_numeric_c.o
         2          0          0          0          0          0   libinit.o
        18          0          0          0          0          0   libinit2.o
         2          0          0          0          0          0   libshutdown.o
         2          0          0          0          0          0   libshutdown2.o
         8          4          0          0         96         68   libspace.o
       138          0          0          0          0         80   lludiv10.o
        40          6          0          0          0         84   noretval__2sprintf.o
         8          4          0          0          0         68   rt_locale_intlibspace.o
         2          0          0          0          0          0   rtexit.o
        10          0          0          0          0          0   rtexit2.o
       128          0          0          0          0         68   strcmpv7m.o
        12          4          0          0          0         68   sys_exit.o
        74          0          0          0          0         80   sys_stackheap_outer.o
         2          0          0          0          0         68   use_no_semi.o
        24          0          0          0          0         68   dcmpi.o
       120          4          0          0          0         92   dleqf.o
       156          4          0          0          0         92   dnaninf.o
        12          0          0          0          0         68   dretinf.o
        86          4          0          0          0         84   f2d.o
       430          8          0          0          0        168   faddsub_clz.o
        24          0          0          0          0         68   fcmpi.o
       104          4          0          0          0         84   feqf.o
        48          0          0          0          0         68   fflt_clz.o
       258          4          0          0          0         84   fmul.o
       140          4          0          0          0         84   fnaninf.o
        10          0          0          0          0         68   fretinf.o
         4          0          0          0          0         68   printf1.o
         0          0          0          0          0          0   usenofp.o
        40          0          0          0          0         68   fpclassify.o

    ----------------------------------------------------------------------
      6250        238        176          0         96       3880   Library Totals
        14          0          0          0          0          0   (incl. Padding)

    ----------------------------------------------------------------------

      Code (inc. data)   RO Data    RW Data    ZI Data      Debug   Library Name

      4780        206        176          0         96       2716   c_w.l
      1416         32          0          0          0       1096   fz_ws.l
        40          0          0          0          0         68   m_ws.l

    ----------------------------------------------------------------------
      6250        238        176          0         96       3880   Library Totals

    ----------------------------------------------------------------------

==============================================================================


      Code (inc. data)   RO Data    RW Data    ZI Data      Debug   

     10448       1156        584         24       1856     416516   Grand Totals
     10448       1156        584         24       1856     416516   ELF Image Totals
     10448       1156        584         24          0          0   ROM Totals

==============================================================================

    Total RO  Size (Code + RO Data)                11032 (  10.77kB)
    Total RW  Size (RW Data + ZI Data)              1880 (   1.84kB)
    Total ROM Size (Code + RO Data + RW Data)      11056 (  10.80kB)

==============================================================================

