<html>
<body>
<pre>
<h1>µVision Build Log</h1>
<h2>Tool Versions:</h2>
IDE-Version: µVision V5.33.0.0
Copyright (C) 2020 ARM Ltd and ARM Germany GmbH. All rights reserved.
License Information: Phat Vu, Phat Vu, LIC=NQQMA-1D0C4-EVZ1R-KBEPW-K4DUP-C1SZB
 
Tool Versions:
Toolchain:       MDK-ARM Plus  Version: 5.33.0.0
Toolchain Path:  C:\Keil_v5\ARM\ARMCC\Bin
C Compiler:      Armcc.exe V5.06 update 7 (build 960)
Assembler:       Armasm.exe V5.06 update 7 (build 960)
Linker/Locator:  ArmLink.exe V5.06 update 7 (build 960)
Library Manager: ArmAr.exe V5.06 update 7 (build 960)
Hex Converter:   FromElf.exe V5.06 update 7 (build 960)
CPU DLL:         SARMCM3.DLL V5.33.0.0
Dialog DLL:      DARMSTM.DLL V1.68.0.0
Target DLL:      STLink\ST-LINKIII-KEIL_SWO.dll V3.0.8.0
Dialog DLL:      TARMSTM.DLL V1.66.0.0
 
<h2>Project:</h2>
E:\OneDrive\Study\Electronics\STM32\Hoc_STM32F1_CMSIS_Ban_Moi\software\sources\08#1_UART_Polling_Mode\project.uvproj
Project File Date:  02/08/2021

<h2>Output:</h2>
*** Using Compiler 'V5.06 update 7 (build 960)', folder: 'C:\Keil_v5\ARM\ARMCC\Bin'
Build target 'Target 1'
assembling startup_stm32f103xb.s...
compiling system_stm32f1xx.c...
compiling main.c...
compiling startup.c...
compiling delay.c...
linking...
Program Size: Code=1240 RO-data=268 RW-data=8 ZI-data=1632  
FromELF: creating hex file...
".\Objects\project.axf" - 0 Error(s), 0 Warning(s).
Build Time Elapsed:  00:00:06
</pre>
</body>
</html>
